Archive member included to satisfy reference by file (symbol)

libbb/lib.a(appletlib.o)      /home/tater/armv5-fsl-linux-gnueabi/armv5-fsl-linux-gnueabi/bin/../armv5-fsl-linux-gnueabi/sysroot/usr/lib/crt1.o (main)
libbb/lib.a(compare_string_array.o)
                              libbb/lib.a(appletlib.o) (is_prefixed_with)
libbb/lib.a(concat_path_file.o)
                              libbb/lib.a(appletlib.o) (concat_path_file)
libbb/lib.a(default_error_retval.o)
                              libbb/lib.a(appletlib.o) (xfunc_error_retval)
libbb/lib.a(get_last_path_component.o)
                              libbb/lib.a(appletlib.o) (bb_basename)
libbb/lib.a(last_char_is.o)   libbb/lib.a(concat_path_file.o) (last_char_is)
libbb/lib.a(messages.o)       libbb/lib.a(appletlib.o) (bb_busybox_exec_path)
libbb/lib.a(perror_msg.o)     libbb/lib.a(appletlib.o) (bb_simple_perror_msg)
libbb/lib.a(ptr_to_globals.o)
                              libbb/lib.a(appletlib.o) (bb_errno)
libbb/lib.a(verror_msg.o)     libbb/lib.a(perror_msg.o) (bb_verror_msg)
libbb/lib.a(xfunc_die.o)      libbb/lib.a(appletlib.o) (xfunc_die)
libbb/lib.a(xfuncs.o)         libbb/lib.a(appletlib.o) (full_write2_str)
libbb/lib.a(xfuncs_printf.o)  libbb/lib.a(verror_msg.o) (fflush_all)
libbb/lib.a(xreadlink.o)      libbb/lib.a(appletlib.o) (xmalloc_readlink)
libbb/lib.a(copyfd.o)         libbb/lib.a(xfuncs_printf.o) (bb_copyfd_eof)
libbb/lib.a(full_write.o)     libbb/lib.a(verror_msg.o) (full_write)
libbb/lib.a(read.o)           libbb/lib.a(copyfd.o) (safe_read)
libbb/lib.a(safe_write.o)     libbb/lib.a(full_write.o) (safe_write)
libbb/lib.a(signals.o)        libbb/lib.a(xfuncs_printf.o) (kill_myself_with_sig)
libbb/lib.a(time.o)           libbb/lib.a(xfuncs_printf.o) (monotonic_us)
libbb/lib.a(bb_strtonum.o)    libbb/lib.a(time.o) (bb_strtol)
loginutils/lib.a(login.o)     libbb/lib.a(appletlib.o) (login_main)
miscutils/lib.a(crond.o)      libbb/lib.a(appletlib.o) (crond_main)
miscutils/lib.a(crontab.o)    libbb/lib.a(appletlib.o) (crontab_main)
miscutils/lib.a(devmem.o)     libbb/lib.a(appletlib.o) (devmem_main)
miscutils/lib.a(less.o)       libbb/lib.a(appletlib.o) (less_main)
miscutils/lib.a(makedevs.o)   libbb/lib.a(appletlib.o) (makedevs_main)
miscutils/lib.a(readahead.o)  libbb/lib.a(appletlib.o) (readahead_main)
miscutils/lib.a(strings.o)    libbb/lib.a(appletlib.o) (strings_main)
miscutils/lib.a(time.o)       libbb/lib.a(appletlib.o) (time_main)
modutils/lib.a(modprobe-small.o)
                              libbb/lib.a(appletlib.o) (lsmod_main)
networking/lib.a(arp.o)       libbb/lib.a(appletlib.o) (arp_main)
networking/lib.a(hostname.o)  libbb/lib.a(appletlib.o) (hostname_main)
networking/lib.a(ifconfig.o)  libbb/lib.a(appletlib.o) (ifconfig_main)
networking/lib.a(interface.o)
                              networking/lib.a(ifconfig.o) (in_ib)
networking/lib.a(netstat.o)   libbb/lib.a(appletlib.o) (netstat_main)
networking/lib.a(nslookup.o)  libbb/lib.a(appletlib.o) (nslookup_main)
networking/lib.a(ping.o)      libbb/lib.a(appletlib.o) (ping_main)
networking/lib.a(pscan.o)     libbb/lib.a(appletlib.o) (pscan_main)
networking/lib.a(route.o)     networking/lib.a(netstat.o) (bb_displayroutes)
networking/udhcp/lib.a(dhcpc.o)
                              libbb/lib.a(appletlib.o) (udhcpc_main)
networking/udhcp/lib.a(packet.o)
                              networking/udhcp/lib.a(dhcpc.o) (udhcp_init_header)
networking/udhcp/lib.a(signalpipe.o)
                              networking/udhcp/lib.a(dhcpc.o) (udhcp_sp_setup)
networking/udhcp/lib.a(socket.o)
                              networking/udhcp/lib.a(dhcpc.o) (udhcp_read_interface)
networking/udhcp/lib.a(arpping.o)
                              networking/udhcp/lib.a(dhcpc.o) (arpping)
networking/udhcp/lib.a(common.o)
                              networking/udhcp/lib.a(dhcpc.o) (dhcp_verbose)
procps/lib.a(free.o)          libbb/lib.a(appletlib.o) (free_main)
procps/lib.a(kill.o)          libbb/lib.a(appletlib.o) (kill_main)
procps/lib.a(ps.o)            libbb/lib.a(appletlib.o) (ps_main)
procps/lib.a(top.o)           libbb/lib.a(appletlib.o) (top_main)
procps/lib.a(uptime.o)        libbb/lib.a(appletlib.o) (uptime_main)
shell/lib.a(ash.o)            libbb/lib.a(appletlib.o) (ash_main)
shell/lib.a(ash_ptr_hack.o)   shell/lib.a(ash.o) (ash_ptr_to_globals_var)
shell/lib.a(math.o)           shell/lib.a(ash.o) (arith)
shell/lib.a(random.o)         shell/lib.a(ash.o) (next_random)
shell/lib.a(shell_common.o)   shell/lib.a(ash.o) (shell_builtin_read)
util-linux/lib.a(dmesg.o)     libbb/lib.a(appletlib.o) (dmesg_main)
util-linux/lib.a(getopt.o)    libbb/lib.a(appletlib.o) (getopt_main)
util-linux/lib.a(hexdump.o)   libbb/lib.a(appletlib.o) (hexdump_main)
util-linux/lib.a(ionice.o)    libbb/lib.a(appletlib.o) (ionice_main)
util-linux/lib.a(mdev.o)      libbb/lib.a(appletlib.o) (mdev_main)
util-linux/lib.a(mesg.o)      libbb/lib.a(appletlib.o) (mesg_main)
[...]
Memory Configuration

Name             Origin             Length             Attributes
*default*        0x0000000000000000 0xffffffffffffffff

Linker script and memory map

LOAD /home/tater/armv5-fsl-linux-gnueabi/armv5-fsl-linux-gnueabi/bin/../armv5-fsl-linux-gnueabi/sysroot/usr/lib/crt1.o
LOAD /home/tater/armv5-fsl-linux-gnueabi/armv5-fsl-linux-gnueabi/bin/../armv5-fsl-linux-gnueabi/sysroot/usr/lib/crti.o
LOAD /home/tater/armv5-fsl-linux-gnueabi/armv5-fsl-linux-gnueabi/bin/../lib/gcc/armv5-fsl-linux-gnueabi/7.2.0/crtbegin.o
START GROUP
LOAD applets/built-in.o
LOAD archival/lib.a
LOAD archival/libarchive/lib.a
LOAD console-tools/lib.a
LOAD coreutils/lib.a
LOAD coreutils/libcoreutils/lib.a
LOAD debianutils/lib.a
LOAD e2fsprogs/lib.a
LOAD editors/lib.a
LOAD findutils/lib.a
LOAD init/lib.a
LOAD libbb/lib.a
LOAD libpwdgrp/lib.a
LOAD loginutils/lib.a
LOAD mailutils/lib.a
LOAD miscutils/lib.a
LOAD modutils/lib.a
LOAD networking/lib.a
LOAD networking/libiproute/lib.a
LOAD networking/udhcp/lib.a
LOAD printutils/lib.a
LOAD procps/lib.a
LOAD runit/lib.a
LOAD selinux/lib.a
LOAD shell/lib.a
LOAD sysklogd/lib.a
LOAD util-linux/lib.a
LOAD util-linux/volume_id/lib.a
LOAD archival/built-in.o
LOAD archival/libarchive/built-in.o
LOAD console-tools/built-in.o
LOAD coreutils/built-in.o
LOAD coreutils/libcoreutils/built-in.o
LOAD debianutils/built-in.o
LOAD e2fsprogs/built-in.o
LOAD editors/built-in.o
LOAD findutils/built-in.o
LOAD init/built-in.o
LOAD libbb/built-in.o
LOAD libpwdgrp/built-in.o
LOAD loginutils/built-in.o
LOAD mailutils/built-in.o
LOAD miscutils/built-in.o
LOAD modutils/built-in.o
LOAD networking/built-in.o
LOAD networking/libiproute/built-in.o
LOAD networking/udhcp/built-in.o
LOAD printutils/built-in.o
LOAD procps/built-in.o
LOAD runit/built-in.o
LOAD selinux/built-in.o
LOAD shell/built-in.o
LOAD sysklogd/built-in.o
LOAD util-linux/built-in.o
LOAD util-linux/volume_id/built-in.o
END GROUP
START GROUP
LOAD /home/tater/armv5-fsl-linux-gnueabi/armv5-fsl-linux-gnueabi/bin/../armv5-fsl-linux-gnueabi/sysroot/usr/lib/libcrypt.so
LOAD /home/tater/armv5-fsl-linux-gnueabi/armv5-fsl-linux-gnueabi/bin/../armv5-fsl-linux-gnueabi/sysroot/usr/lib/libm.so
END GROUP
LOAD /home/tater/armv5-fsl-linux-gnueabi/armv5-fsl-linux-gnueabi/bin/../lib/gcc/armv5-fsl-linux-gnueabi/7.2.0/libgcc.a
LOAD /home/tater/armv5-fsl-linux-gnueabi/armv5-fsl-linux-gnueabi/bin/../lib/gcc/armv5-fsl-linux-gnueabi/7.2.0/libgcc_eh.a
LOAD /home/tater/armv5-fsl-linux-gnueabi/armv5-fsl-linux-gnueabi/bin/../armv5-fsl-linux-gnueabi/sysroot/usr/lib/libc.so
START GROUP
LOAD /home/tater/armv5-fsl-linux-gnueabi/armv5-fsl-linux-gnueabi/bin/../armv5-fsl-linux-gnueabi/sysroot/lib/libc.so.6
LOAD /home/tater/armv5-fsl-linux-gnueabi/armv5-fsl-linux-gnueabi/bin/../armv5-fsl-linux-gnueabi/sysroot/usr/lib/libc_nonshared.a
LOAD /home/tater/armv5-fsl-linux-gnueabi/armv5-fsl-linux-gnueabi/bin/../armv5-fsl-linux-gnueabi/sysroot/lib/ld-linux.so.3
END GROUP
LOAD /home/tater/armv5-fsl-linux-gnueabi/armv5-fsl-linux-gnueabi/bin/../lib/gcc/armv5-fsl-linux-gnueabi/7.2.0/libgcc.a
LOAD /home/tater/armv5-fsl-linux-gnueabi/armv5-fsl-linux-gnueabi/bin/../lib/gcc/armv5-fsl-linux-gnueabi/7.2.0/libgcc_eh.a
LOAD /home/tater/armv5-fsl-linux-gnueabi/armv5-fsl-linux-gnueabi/bin/../lib/gcc/armv5-fsl-linux-gnueabi/7.2.0/crtend.o
LOAD /home/tater/armv5-fsl-linux-gnueabi/armv5-fsl-linux-gnueabi/bin/../armv5-fsl-linux-gnueabi/sysroot/usr/lib/crtn.o
                [!provide]                        PROVIDE (__executable_start, SEGMENT_START ("text-segment", 0x10000))
                0x0000000000010154                . = (SEGMENT_START ("text-segment", 0x10000) + SIZEOF_HEADERS)

.interp         0x0000000000010154       0x13
 *(SORT(.interp))
 .interp        0x0000000000010154       0x13 /home/tater/armv5-fsl-linux-gnueabi/armv5-fsl-linux-gnueabi/bin/../armv5-fsl-linux-gnueabi/sysroot/usr/lib/crt1.o

.note.ABI-tag   0x0000000000010168       0x20
 .note.ABI-tag  0x0000000000010168       0x20 /home/tater/armv5-fsl-linux-gnueabi/armv5-fsl-linux-gnueabi/bin/../armv5-fsl-linux-gnueabi/sysroot/usr/lib/crt1.o

.note.gnu.build-id
                0x0000000000010188       0x24
 *(SORT(.note.gnu.build-id))
 .note.gnu.build-id
                0x0000000000010188       0x24 linker stubs

.hash           0x00000000000101ac      0x898
 *(SORT(.hash))
 .hash          0x00000000000101ac      0x898 /home/tater/armv5-fsl-linux-gnueabi/armv5-fsl-linux-gnueabi/bin/../armv5-fsl-linux-gnueabi/sysroot/usr/lib/crt1.o

.gnu.hash       0x0000000000010a44      0x990
 *(SORT(.gnu.hash))
 .gnu.hash      0x0000000000010a44      0x990 /home/tater/armv5-fsl-linux-gnueabi/armv5-fsl-linux-gnueabi/bin/../armv5-fsl-linux-gnueabi/sysroot/usr/lib/crt1.o

.dynsym         0x00000000000113d4     0x11d0
 *(SORT(.dynsym))
 .dynsym        0x00000000000113d4     0x11d0 /home/tater/armv5-fsl-linux-gnueabi/armv5-fsl-linux-gnueabi/bin/../armv5-fsl-linux-gnueabi/sysroot/usr/lib/crt1.o

.dynstr         0x00000000000125a4      0x91f
 *(SORT(.dynstr))
 .dynstr        0x00000000000125a4      0x91f /home/tater/armv5-fsl-linux-gnueabi/armv5-fsl-linux-gnueabi/bin/../armv5-fsl-linux-gnueabi/sysroot/usr/lib/crt1.o

.gnu.version    0x0000000000012ec4      0x23a
 *(SORT(.gnu.version))
 .gnu.version   0x0000000000012ec4      0x23a /home/tater/armv5-fsl-linux-gnueabi/armv5-fsl-linux-gnueabi/bin/../armv5-fsl-linux-gnueabi/sysroot/usr/lib/crt1.o

.gnu.version_d  0x0000000000013100        0x0
 *(SORT(.gnu.version_d))
 .gnu.version_d
                0x0000000000013100        0x0 /home/tater/armv5-fsl-linux-gnueabi/armv5-fsl-linux-gnueabi/bin/../armv5-fsl-linux-gnueabi/sysroot/usr/lib/crt1.o

.gnu.version_r  0x0000000000013100       0x70
 *(SORT(.gnu.version_r))
 .gnu.version_r
                0x0000000000013100       0x70 /home/tater/armv5-fsl-linux-gnueabi/armv5-fsl-linux-gnueabi/bin/../armv5-fsl-linux-gnueabi/sysroot/usr/lib/crt1.o

.rel.dyn        0x0000000000013170       0x40
 *(SORT(.rel.init))
 *(SORT(.rel.text) SORT(.rel.text.*) SORT(.rel.gnu.linkonce.t.*))
 *(SORT(.rel.fini))
 *(SORT(.rel.rodata) SORT(.rel.rodata.*) SORT(.rel.gnu.linkonce.r.*))
 *(SORT(.rel.data.rel.ro) SORT(.rel.data.rel.ro.*) SORT(.rel.gnu.linkonce.d.rel.ro.*))
 .rel.data.rel.ro
                0x0000000000013170        0x0 /home/tater/armv5-fsl-linux-gnueabi/armv5-fsl-linux-gnueabi/bin/../armv5-fsl-linux-gnueabi/sysroot/usr/lib/crt1.o
 *(SORT(.rel.data) SORT(.rel.data.*) SORT(.rel.gnu.linkonce.d.*))
 *(SORT(.rel.tdata) SORT(.rel.tdata.*) SORT(.rel.gnu.linkonce.td.*))
 *(SORT(.rel.tbss) SORT(.rel.tbss.*) SORT(.rel.gnu.linkonce.tb.*))
 *(SORT(.rel.ctors))
 *(SORT(.rel.dtors))
 *(SORT(.rel.got))
 .rel.got       0x0000000000013170        0x8 /home/tater/armv5-fsl-linux-gnueabi/armv5-fsl-linux-gnueabi/bin/../armv5-fsl-linux-gnueabi/sysroot/usr/lib/crt1.o
 *(SORT(.rel.bss) SORT(.rel.bss.*) SORT(.rel.gnu.linkonce.b.*))
 .rel.bss       0x0000000000013178       0x38 /home/tater/armv5-fsl-linux-gnueabi/armv5-fsl-linux-gnueabi/bin/../armv5-fsl-linux-gnueabi/sysroot/usr/lib/crt1.o
                [!provide]                        PROVIDE (__rel_iplt_start, .)
 *(SORT(.rel.iplt))
 .rel.iplt      0x00000000000131b0        0x0 /home/tater/armv5-fsl-linux-gnueabi/armv5-fsl-linux-gnueabi/bin/../armv5-fsl-linux-gnueabi/sysroot/usr/lib/crt1.o
                [!provide]                        PROVIDE (__rel_iplt_end, .)

.rela.dyn       0x00000000000131b0        0x0
 *(SORT(.rela.init))
 *(SORT(.rela.text) SORT(.rela.text.*) SORT(.rela.gnu.linkonce.t.*))
 *(SORT(.rela.fini))
 *(SORT(.rela.rodata) SORT(.rela.rodata.*) SORT(.rela.gnu.linkonce.r.*))
 *(SORT(.rela.data) SORT(.rela.data.*) SORT(.rela.gnu.linkonce.d.*))
 *(SORT(.rela.tdata) SORT(.rela.tdata.*) SORT(.rela.gnu.linkonce.td.*))
 *(SORT(.rela.tbss) SORT(.rela.tbss.*) SORT(.rela.gnu.linkonce.tb.*))
 *(SORT(.rela.ctors))
 *(SORT(.rela.dtors))
 *(SORT(.rela.got))
 *(SORT(.rela.bss) SORT(.rela.bss.*) SORT(.rela.gnu.linkonce.b.*))
                [!provide]                        PROVIDE (__rela_iplt_start, .)
 *(SORT(.rela.iplt))
                [!provide]                        PROVIDE (__rela_iplt_end, .)

.rel.plt        0x00000000000131b0      0x890
 *(SORT(.rel.plt))
 .rel.plt       0x00000000000131b0      0x890 /home/tater/armv5-fsl-linux-gnueabi/armv5-fsl-linux-gnueabi/bin/../armv5-fsl-linux-gnueabi/sysroot/usr/lib/crt1.o

.rela.plt
 *(SORT(.rela.plt))

.init           0x0000000000013a40        0xc
 *(SORT(.init))
 .init          0x0000000000013a40        0x8 /home/tater/armv5-fsl-linux-gnueabi/armv5-fsl-linux-gnueabi/bin/../armv5-fsl-linux-gnueabi/sysroot/usr/lib/crti.o
                0x0000000000013a40                _init
 .init          0x0000000000013a48        0x4 /home/tater/armv5-fsl-linux-gnueabi/armv5-fsl-linux-gnueabi/bin/../armv5-fsl-linux-gnueabi/sysroot/usr/lib/crtn.o

.plt            0x0000000000013a4c      0xcec
 *(SORT(.plt))
 .plt           0x0000000000013a4c      0xcec /home/tater/armv5-fsl-linux-gnueabi/armv5-fsl-linux-gnueabi/bin/../armv5-fsl-linux-gnueabi/sysroot/usr/lib/crt1.o
                0x0000000000013a60                fdopen@@GLIBC_2.4
                0x0000000000013a6c                fputs_unlocked@@GLIBC_2.4
                0x0000000000013a78                strstr@@GLIBC_2.4
                0x0000000000013a84                gnu_dev_major@@GLIBC_2.4
                0x0000000000013a90                raise@@GLIBC_2.4
                0x0000000000013a9c                vasprintf@@GLIBC_2.4
                0x0000000000013aa8                sendfile64@@GLIBC_2.4
                0x0000000000013ab4                log@@GLIBC_2.4
                0x0000000000013ac0                strverscmp@@GLIBC_2.4
                0x0000000000013acc                inet_aton@@GLIBC_2.4
                0x0000000000013ad8                fsync@@GLIBC_2.4
                0x0000000000013ae4                __res_init@@GLIBC_2.4
                0x0000000000013af0                strcasestr@@GLIBC_2.4
                0x0000000000013afc                strcmp@@GLIBC_2.4
                0x0000000000013b08                strtol@@GLIBC_2.4
                0x0000000000013b14                setsockopt@@GLIBC_2.4
                0x0000000000013b20                strcspn@@GLIBC_2.4
                0x0000000000013b2c                times@@GLIBC_2.4
                0x0000000000013b38                gnu_dev_makedev@@GLIBC_2.4
                0x0000000000013b44                dprintf@@GLIBC_2.4
                0x0000000000013b50                clearenv@@GLIBC_2.4
                0x0000000000013b5c                printf@@GLIBC_2.4
                0x0000000000013b68                hstrerror@@GLIBC_2.4
                0x0000000000013b74                gnu_dev_minor@@GLIBC_2.4
                0x0000000000013b80                regerror@@GLIBC_2.4
                0x0000000000013b8c                setrlimit64@@GLIBC_2.4
                0x0000000000013b98                read@@GLIBC_2.4
                0x0000000000013ba4                tcflush@@GLIBC_2.4
                0x0000000000013bb0                mktime@@GLIBC_2.4
                0x0000000000013bbc                longjmp@@GLIBC_2.4
                0x0000000000013bc8                fflush@@GLIBC_2.4
                0x0000000000013bd4                getuid@@GLIBC_2.4
                0x0000000000013be0                sigprocmask@@GLIBC_2.4
                0x0000000000013bec                _setjmp@@GLIBC_2.4
                0x0000000000013bf8                memmove@@GLIBC_2.4
                0x0000000000013c04                strchrnul@@GLIBC_2.4
                0x0000000000013c10                free@@GLIBC_2.4
                0x0000000000013c1c                nanosleep@@GLIBC_2.4
                0x0000000000013c28                fileno_unlocked@@GLIBC_2.4
                0x0000000000013c34                _exit@@GLIBC_2.4
                0x0000000000013c40                __res_state@@GLIBC_2.4
                0x0000000000013c4c                memcpy@@GLIBC_2.4
                0x0000000000013c58                execvp@@GLIBC_2.4
                0x0000000000013c64                execlp@@GLIBC_2.4
                0x0000000000013c70                mmap64@@GLIBC_2.4
                0x0000000000013c7c                signal@@GLIBC_2.4
                0x0000000000013c88                time@@GLIBC_2.4
                0x0000000000013c94                rmdir@@GLIBC_2.4
                0x0000000000013ca0                tcsetpgrp@@GLIBC_2.4
                0x0000000000013cac                pow@@GLIBC_2.4
                0x0000000000013cb8                ftruncate64@@GLIBC_2.4
                0x0000000000013cc4                memcmp@@GLIBC_2.4
                0x0000000000013cd0                inet_ntoa@@GLIBC_2.4
                0x0000000000013cdc                sleep@@GLIBC_2.4
                0x0000000000013ce8                stpcpy@@GLIBC_2.4
                0x0000000000013cf4                getc_unlocked@@GLIBC_2.4
                0x0000000000013d00                uname@@GLIBC_2.4
                0x0000000000013d0c                ctime@@GLIBC_2.4
                0x0000000000013d18                recvfrom@@GLIBC_2.4
                0x0000000000013d24                strdup@@GLIBC_2.4
                0x0000000000013d30                syncfs@@GLIBC_2.14
                0x0000000000013d3c                rewind@@GLIBC_2.4
                0x0000000000013d48                alarm@@GLIBC_2.4
                0x0000000000013d54                sysconf@@GLIBC_2.4
                0x0000000000013d60                unlink@@GLIBC_2.4
                0x0000000000013d6c                dup2@@GLIBC_2.4
                0x0000000000013d78                reboot@@GLIBC_2.4
                0x0000000000013d84                getrlimit64@@GLIBC_2.4
                0x0000000000013d90                realloc@@GLIBC_2.4
                0x0000000000013d9c                killpg@@GLIBC_2.4
                0x0000000000013da8                strptime@@GLIBC_2.4
                0x0000000000013db4                dup@@GLIBC_2.4
                0x0000000000013dc0                atoll@@GLIBC_2.4
                0x0000000000013dcc                getpriority@@GLIBC_2.4
                0x0000000000013dd8                regexec@@GLIBC_2.4
                0x0000000000013de4                localtime_r@@GLIBC_2.4
                0x0000000000013df0                wait@@GLIBC_2.4
                0x0000000000013dfc                chdir@@GLIBC_2.4
                0x0000000000013e08                strcasecmp@@GLIBC_2.4
                0x0000000000013e14                getpgrp@@GLIBC_2.4
                0x0000000000013e20                geteuid@@GLIBC_2.4
                0x0000000000013e2c                strsignal@@GLIBC_2.4
                0x0000000000013e38                poll@@GLIBC_2.4
                0x0000000000013e44                setgroups@@GLIBC_2.4
                0x0000000000013e50                seteuid@@GLIBC_2.4
                0x0000000000013e5c                __fxstat64@@GLIBC_2.4
                0x0000000000013e68                readlink@@GLIBC_2.4
                0x0000000000013e74                getegid@@GLIBC_2.4
                0x0000000000013e80                sigaction@@GLIBC_2.4
                0x0000000000013e8c                fwrite@@GLIBC_2.4
                0x0000000000013e98                strcat@@GLIBC_2.4
                0x0000000000013ea4                ioctl@@GLIBC_2.4
                0x0000000000013eb0                lseek64@@GLIBC_2.4
                0x0000000000013ebc                regfree@@GLIBC_2.4
                0x0000000000013ec8                strtoll@@GLIBC_2.4
                0x0000000000013ed4                usleep@@GLIBC_2.4
                0x0000000000013ee0                readahead@@GLIBC_2.4
                0x0000000000013eec                waitpid@@GLIBC_2.4
                0x0000000000013ef8                tcsetattr@@GLIBC_2.4
                0x0000000000013f04                strcpy@@GLIBC_2.4
                0x0000000000013f10                gettimeofday@@GLIBC_2.4
                0x0000000000013f1c                fread@@GLIBC_2.4
                0x0000000000013f28                pread64@@GLIBC_2.4
                0x0000000000013f34                sched_yield@@GLIBC_2.4
                0x0000000000013f40                ferror_unlocked@@GLIBC_2.4
                0x0000000000013f4c                getmntent@@GLIBC_2.4
                0x0000000000013f58                opendir@@GLIBC_2.4
                0x0000000000013f64                umount2@@GLIBC_2.4
                0x0000000000013f70                fnmatch@@GLIBC_2.4
                0x0000000000013f7c                open64@@GLIBC_2.4
                0x0000000000013f88                getenv@@GLIBC_2.4
                0x0000000000013f94                setpriority@@GLIBC_2.4
                0x0000000000013fa0                mkstemp64@@GLIBC_2.4
                0x0000000000013fac                puts@@GLIBC_2.4
                0x0000000000013fb8                setgid@@GLIBC_2.4
                0x0000000000013fc4                sysinfo@@GLIBC_2.4
                0x0000000000013fd0                malloc@@GLIBC_2.4
                0x0000000000013fdc                sigaddset@@GLIBC_2.4
                0x0000000000013fe8                __libc_start_main@@GLIBC_2.4
                0x0000000000013ff4                strerror@@GLIBC_2.4
                0x0000000000014000                system@@GLIBC_2.4
                0x000000000001400c                strftime@@GLIBC_2.4
                0x0000000000014018                __h_errno_location@@GLIBC_2.4
                0x0000000000014024                localtime@@GLIBC_2.4
                0x0000000000014030                strsep@@GLIBC_2.4
                0x000000000001403c                mktemp@@GLIBC_2.4
                0x0000000000014048                closelog@@GLIBC_2.4
                0x0000000000014054                sethostname@@GLIBC_2.4
                0x0000000000014060                dirname@@GLIBC_2.4
                0x0000000000014078                freopen64@@GLIBC_2.4
                0x0000000000014084                rename@@GLIBC_2.4
                0x0000000000014090                getopt_long@@GLIBC_2.4
                0x000000000001409c                kill@@GLIBC_2.4
                0x00000000000140a8                getcwd@@GLIBC_2.4
                0x00000000000140b4                getpid@@GLIBC_2.4
                0x00000000000140c0                exit@@GLIBC_2.4
                0x00000000000140cc                syscall@@GLIBC_2.4
                0x00000000000140d8                sin@@GLIBC_2.4
                0x00000000000140e4                strtoul@@GLIBC_2.4
                0x00000000000140f0                tcgetpgrp@@GLIBC_2.4
                0x00000000000140fc                strlen@@GLIBC_2.4
                0x0000000000014108                getchar_unlocked@@GLIBC_2.4
                0x0000000000014114                setsid@@GLIBC_2.4
                0x0000000000014120                vprintf@@GLIBC_2.4
                0x000000000001412c                setpgrp@@GLIBC_2.4
                0x0000000000014138                strchr@@GLIBC_2.4
                0x0000000000014144                srand@@GLIBC_2.4
                0x0000000000014150                setenv@@GLIBC_2.4
                0x000000000001415c                memrchr@@GLIBC_2.4
                0x0000000000014168                ttyname_r@@GLIBC_2.4
                0x0000000000014174                fchown@@GLIBC_2.4
                0x0000000000014180                execve@@GLIBC_2.4
                0x000000000001418c                getopt@@GLIBC_2.4
                0x0000000000014198                fprintf@@GLIBC_2.4
                0x00000000000141a4                getpagesize@@GLIBC_2.4
                0x00000000000141b0                chown@@GLIBC_2.4
                0x00000000000141bc                ungetc@@GLIBC_2.4
                0x00000000000141c8                fcntl@@GLIBC_2.4
                0x00000000000141d4                setlinebuf@@GLIBC_2.4
                0x00000000000141e0                execv@@GLIBC_2.4
                0x00000000000141ec                sqrt@@GLIBC_2.4
                0x00000000000141f8                sigfillset@@GLIBC_2.4
                0x0000000000014204                __errno_location@@GLIBC_2.4
                0x0000000000014210                strncasecmp@@GLIBC_2.4
                0x000000000001421c                klogctl@@GLIBC_2.4
                0x0000000000014228                snprintf@@GLIBC_2.4
                0x0000000000014234                __cxa_atexit@@GLIBC_2.4
                0x0000000000014240                mkdir@@GLIBC_2.4
                0x000000000001424c                bind@@GLIBC_2.4
                0x0000000000014258                getservbyport@@GLIBC_2.4
                0x0000000000014264                getgid@@GLIBC_2.4
                0x0000000000014270                memset@@GLIBC_2.4
                0x000000000001427c                getmntent_r@@GLIBC_2.4
                0x0000000000014288                bsearch@@GLIBC_2.4
                0x0000000000014294                sigtimedwait@@GLIBC_2.4
                0x00000000000142a0                utimes@@GLIBC_2.4
                0x00000000000142ac                strncpy@@GLIBC_2.4
                0x00000000000142b8                fscanf@@GLIBC_2.4
                0x00000000000142c4                mallopt@@GLIBC_2.4
                0x00000000000142d0                sigsuspend@@GLIBC_2.4
                0x00000000000142dc                strtoull@@GLIBC_2.4
                0x00000000000142e8                wait3@@GLIBC_2.4
                0x00000000000142f4                strtod@@GLIBC_2.4
                0x0000000000014300                link@@GLIBC_2.4
                0x000000000001430c                write@@GLIBC_2.4
                0x0000000000014318                sigdelset@@GLIBC_2.4
                0x0000000000014324                vfork@@GLIBC_2.4
                0x0000000000014330                memchr@@GLIBC_2.4
                0x000000000001433c                vsprintf@@GLIBC_2.4
                0x0000000000014348                access@@GLIBC_2.4
                0x0000000000014354                rand@@GLIBC_2.4
                0x0000000000014360                setegid@@GLIBC_2.4
                0x000000000001436c                fclose@@GLIBC_2.4
                0x0000000000014378                strnlen@@GLIBC_2.4
                0x0000000000014384                pipe@@GLIBC_2.4
                0x0000000000014390                fseeko64@@GLIBC_2.4
                0x000000000001439c                endmntent@@GLIBC_2.4
                0x00000000000143a8                munmap@@GLIBC_2.4
                0x00000000000143b4                strtok@@GLIBC_2.4
                0x00000000000143c0                sendto@@GLIBC_2.4
                0x00000000000143cc                sigemptyset@@GLIBC_2.4
                0x00000000000143d8                popen@@GLIBC_2.4
                0x00000000000143e4                fork@@GLIBC_2.4
                0x00000000000143f0                putenv@@GLIBC_2.4
                0x00000000000143fc                stime@@GLIBC_2.4
                0x0000000000014408                getnameinfo@@GLIBC_2.4
                0x0000000000014414                execl@@GLIBC_2.4
                0x0000000000014420                strrchr@@GLIBC_2.4
                0x000000000001442c                vfprintf@@GLIBC_2.4
                0x0000000000014438                crypt@@GLIBC_2.4
                0x0000000000014444                statfs64@@GLIBC_2.4
                0x0000000000014450                __sigsetjmp@@GLIBC_2.4
                0x000000000001445c                lchown@@GLIBC_2.4
                0x0000000000014468                syslog@@GLIBC_2.4
                0x0000000000014474                symlink@@GLIBC_2.4
                0x0000000000014480                setuid@@GLIBC_2.4
                0x000000000001448c                sscanf@@GLIBC_2.4
                0x0000000000014498                setpgid@@GLIBC_2.4
                0x00000000000144a4                clearerr@@GLIBC_2.4
                0x00000000000144b0                sprintf@@GLIBC_2.4
                0x00000000000144bc                readdir64@@GLIBC_2.4
                0x00000000000144c8                mkdtemp@@GLIBC_2.4
                0x00000000000144d4                openlog@@GLIBC_2.4
                0x00000000000144e0                regcomp@@GLIBC_2.4
                0x00000000000144ec                getgroups@@GLIBC_2.4
                0x00000000000144f8                exp@@GLIBC_2.4
                0x0000000000014504                vsnprintf@@GLIBC_2.4
                0x0000000000014510                getppid@@GLIBC_2.4
                0x000000000001451c                atoi@@GLIBC_2.4
                0x0000000000014528                recvmsg@@GLIBC_2.4
                0x0000000000014534                fopen64@@GLIBC_2.4
                0x0000000000014540                qsort@@GLIBC_2.4
                0x000000000001454c                strpbrk@@GLIBC_2.4
                0x0000000000014558                freeaddrinfo@@GLIBC_2.4
                0x0000000000014564                getaddrinfo@@GLIBC_2.4
                0x0000000000014570                fgets_unlocked@@GLIBC_2.4
                0x000000000001457c                socket@@GLIBC_2.4
                0x0000000000014588                sched_getaffinity@@GLIBC_2.4
                0x0000000000014594                setmntent@@GLIBC_2.4
                0x00000000000145a0                atof@@GLIBC_2.4
                0x00000000000145ac                inet_addr@@GLIBC_2.4
                0x00000000000145b8                __cmsg_nxthdr@@GLIBC_2.4
                0x00000000000145c4                sync@@GLIBC_2.4
                0x00000000000145d0                getline@@GLIBC_2.4
                0x00000000000145dc                if_nametoindex@@GLIBC_2.4
                0x00000000000145e8                umask@@GLIBC_2.4
                0x00000000000145f4                chmod@@GLIBC_2.4
                0x0000000000014600                gethostbyname@@GLIBC_2.4
                0x000000000001460c                __xstat64@@GLIBC_2.4
                0x0000000000014618                isatty@@GLIBC_2.4
                0x0000000000014624                __xmknod@@GLIBC_2.4
                0x0000000000014630                unsetenv@@GLIBC_2.4
                0x000000000001463c                strncmp@@GLIBC_2.4
                0x0000000000014648                fdatasync@@GLIBC_2.4
                0x0000000000014654                abort@@GLIBC_2.4
                0x0000000000014660                feof_unlocked@@GLIBC_2.4
                0x000000000001466c                realpath@@GLIBC_2.4
                0x0000000000014678                siglongjmp@@GLIBC_2.4
                0x0000000000014684                close@@GLIBC_2.4
                0x0000000000014690                __lxstat64@@GLIBC_2.4
                0x000000000001469c                mkfifo@@GLIBC_2.4
                0x00000000000146a8                connect@@GLIBC_2.4
                0x00000000000146b4                closedir@@GLIBC_2.4
                0x00000000000146c0                atan2@@GLIBC_2.4
                0x00000000000146cc                putchar_unlocked@@GLIBC_2.4
                0x00000000000146d8                strspn@@GLIBC_2.4
                0x00000000000146e4                fchmod@@GLIBC_2.4
                0x00000000000146f0                cos@@GLIBC_2.4
                0x00000000000146fc                tcgetattr@@GLIBC_2.4
                0x0000000000014708                putc_unlocked@@GLIBC_2.4
                0x0000000000014714                ftello64@@GLIBC_2.4
                0x0000000000014720                pclose@@GLIBC_2.4
                0x000000000001472c                mount@@GLIBC_2.4

.iplt           0x0000000000014738        0x0
 *(SORT(.iplt))
 .iplt          0x0000000000014738        0x0 /home/tater/armv5-fsl-linux-gnueabi/armv5-fsl-linux-gnueabi/bin/../armv5-fsl-linux-gnueabi/sysroot/usr/lib/crt1.o

.text           0x0000000000014738    0x42d24
 *(SORT(.text.unlikely) SORT(.text.*_unlikely) SORT(.text.unlikely.*))
 *(SORT(.text.exit) SORT(.text.exit.*))
 *(SORT(.text.startup) SORT(.text.startup.*))
 *(SORT(.text.hot) SORT(.text.hot.*))
 *(SORT(.text) SORT(.stub) SORT(.text.*) SORT(.gnu.linkonce.t.*))
 .text          0x0000000000014738       0x3c /home/tater/armv5-fsl-linux-gnueabi/armv5-fsl-linux-gnueabi/bin/../armv5-fsl-linux-gnueabi/sysroot/usr/lib/crt1.o
                0x0000000000014738                _start
 .text          0x0000000000014774       0x24 /home/tater/armv5-fsl-linux-gnueabi/armv5-fsl-linux-gnueabi/bin/../armv5-fsl-linux-gnueabi/sysroot/usr/lib/crti.o
 .text          0x0000000000014798       0x90 /home/tater/armv5-fsl-linux-gnueabi/armv5-fsl-linux-gnueabi/bin/../lib/gcc/armv5-fsl-linux-gnueabi/7.2.0/crtbegin.o
 .text.string_array_len
                0x0000000000014828       0x28 libbb/lib.a(appletlib.o)
                0x0000000000014828                string_array_len
 .text.bb_show_usage
                0x0000000000014850        0x8 libbb/lib.a(appletlib.o)
                0x0000000000014850                bb_show_usage
 .text.find_applet_by_name
                0x0000000000014858       0xd8 libbb/lib.a(appletlib.o)
                0x0000000000014858                find_applet_by_name
 .text.lbb_prepare
                0x0000000000014930       0x28 libbb/lib.a(appletlib.o)
                0x0000000000014930                lbb_prepare
 .text.run_applet_no_and_exit
                0x0000000000014958       0x9c libbb/lib.a(appletlib.o)
                0x0000000000014958                run_applet_no_and_exit
 .text.run_applet_and_exit
                0x00000000000149f4      0x35c libbb/lib.a(appletlib.o)
 .text.main     0x0000000000014d50       0x60 libbb/lib.a(appletlib.o)
                0x0000000000014d50                main
 .text.is_prefixed_with
                0x0000000000014db0       0x34 libbb/lib.a(compare_string_array.o)
                0x0000000000014db0                is_prefixed_with
 .text.index_in_strings
                0x0000000000014de4       0x54 libbb/lib.a(compare_string_array.o)
                0x0000000000014de4                index_in_strings
 .text.index_in_substrings
                0x0000000000014e38       0x90 libbb/lib.a(compare_string_array.o)
                0x0000000000014e38                index_in_substrings
 .text.nth_string
                0x0000000000014ec8       0x34 libbb/lib.a(compare_string_array.o)
                0x0000000000014ec8                nth_string
 .text.concat_path_file
                0x0000000000014efc       0x64 libbb/lib.a(concat_path_file.o)
                0x0000000000014efc                concat_path_file
 .text.bb_basename
                0x0000000000014f60       0x20 libbb/lib.a(get_last_path_component.o)
                0x0000000000014f60                bb_basename
 .text.bb_get_last_path_component_nostrip
                0x0000000000014f80       0x38 libbb/lib.a(get_last_path_component.o)
                0x0000000000014f80                bb_get_last_path_component_nostrip
 .text.bb_get_last_path_component_strip
                0x0000000000014fb8       0x54 libbb/lib.a(get_last_path_component.o)
                0x0000000000014fb8                bb_get_last_path_component_strip
 .text.last_char_is
                0x000000000001500c       0x4c libbb/lib.a(last_char_is.o)
                0x000000000001500c                last_char_is
 .text.bb_perror_msg
                0x0000000000015058       0x4c libbb/lib.a(perror_msg.o)
                0x0000000000015058                bb_perror_msg
 .text.bb_perror_msg_and_die
                0x00000000000150a4       0x40 libbb/lib.a(perror_msg.o)
                0x00000000000150a4                bb_perror_msg_and_die
 .text.bb_simple_perror_msg
                0x00000000000150e4       0x10 libbb/lib.a(perror_msg.o)
                0x00000000000150e4                bb_simple_perror_msg
 .text.bb_simple_perror_msg_and_die
                0x00000000000150f4       0x14 libbb/lib.a(perror_msg.o)
                0x00000000000150f4                bb_simple_perror_msg_and_die
 .text.bb_verror_msg
                0x0000000000015108      0x218 libbb/lib.a(verror_msg.o)
                0x0000000000015108                bb_verror_msg
 .text.bb_error_msg_and_die
                0x0000000000015320       0x20 libbb/lib.a(verror_msg.o)
                0x0000000000015320                bb_error_msg_and_die
 .text.bb_error_msg
                0x0000000000015340       0x2c libbb/lib.a(verror_msg.o)
                0x0000000000015340                bb_error_msg
 .text.xfunc_die
                0x000000000001536c       0x2c libbb/lib.a(xfunc_die.o)
                0x000000000001536c                xfunc_die
 .text.ndelay_on
                0x0000000000015398       0x34 libbb/lib.a(xfuncs.o)
                0x0000000000015398                ndelay_on
 .text.ndelay_off
                0x00000000000153cc       0x34 libbb/lib.a(xfuncs.o)
                0x00000000000153cc                ndelay_off
 .text.close_on_exec_on
                0x0000000000015400        0xc libbb/lib.a(xfuncs.o)
                0x0000000000015400                close_on_exec_on
 .text.strncpy_IFNAMSIZ
                0x000000000001540c        0x8 libbb/lib.a(xfuncs.o)
                0x000000000001540c                strncpy_IFNAMSIZ
 .text.utoa_to_buf
                0x0000000000015414       0x8c libbb/lib.a(xfuncs.o)
                0x0000000000015414                utoa_to_buf
 .text.itoa_to_buf
                0x00000000000154a0       0x2c libbb/lib.a(xfuncs.o)
                0x00000000000154a0                itoa_to_buf
 .text.utoa     0x00000000000154cc       0x28 libbb/lib.a(xfuncs.o)
                0x00000000000154cc                utoa
 .text.itoa     0x00000000000154f4       0x28 libbb/lib.a(xfuncs.o)
                0x00000000000154f4                itoa
 .text.bin2hex  0x000000000001551c       0x4c libbb/lib.a(xfuncs.o)
                0x000000000001551c                bin2hex
 .text.hex2bin  0x0000000000015568       0xec libbb/lib.a(xfuncs.o)
                0x0000000000015568                hex2bin
 .text.bb_putchar_stderr
                0x0000000000015654       0x20 libbb/lib.a(xfuncs.o)
                0x0000000000015654                bb_putchar_stderr
 .text.full_write1_str
                0x0000000000015674       0x20 libbb/lib.a(xfuncs.o)
                0x0000000000015674                full_write1_str
 .text.full_write2_str
                0x0000000000015694       0x20 libbb/lib.a(xfuncs.o)
                0x0000000000015694                full_write2_str
 .text.get_terminal_width_height
                0x00000000000156b4      0x13c libbb/lib.a(xfuncs.o)
                0x00000000000156b4                get_terminal_width_height
 .text.get_terminal_width
                0x00000000000157f0       0x1c libbb/lib.a(xfuncs.o)
                0x00000000000157f0                get_terminal_width
 .text.tcsetattr_stdin_TCSANOW
                0x000000000001580c       0x10 libbb/lib.a(xfuncs.o)
                0x000000000001580c                tcsetattr_stdin_TCSANOW
 .text.set_termios_to_raw
                0x000000000001581c       0xa8 libbb/lib.a(xfuncs.o)
                0x000000000001581c                set_termios_to_raw
 .text.safe_waitpid
                0x00000000000158c4       0x44 libbb/lib.a(xfuncs.o)
                0x00000000000158c4                safe_waitpid
 .text.wait_any_nohang
                0x0000000000015908       0x10 libbb/lib.a(xfuncs.o)
                0x0000000000015908                wait_any_nohang
 .text.wait4pid
                0x0000000000015918       0x58 libbb/lib.a(xfuncs.o)
                0x0000000000015918                wait4pid
 .text.xmalloc  0x0000000000015970       0x30 libbb/lib.a(xfuncs_printf.o)
                0x0000000000015970                xmalloc
 .text.xrealloc
                0x00000000000159a0       0x30 libbb/lib.a(xfuncs_printf.o)
                0x00000000000159a0                xrealloc
 .text.xzalloc  0x00000000000159d0       0x1c libbb/lib.a(xfuncs_printf.o)
                0x00000000000159d0                xzalloc
 .text.xstrdup  0x00000000000159ec       0x2c libbb/lib.a(xfuncs_printf.o)
                0x00000000000159ec                xstrdup
 .text.xstrndup
                0x0000000000015a18       0x50 libbb/lib.a(xfuncs_printf.o)
                0x0000000000015a18                xstrndup
 .text.xmemdup  0x0000000000015a68       0x24 libbb/lib.a(xfuncs_printf.o)
                0x0000000000015a68                xmemdup
 .text.xfopen   0x0000000000015a8c       0x24 libbb/lib.a(xfuncs_printf.o)
                0x0000000000015a8c                xfopen
 .text.xopen3   0x0000000000015ab0       0x24 libbb/lib.a(xfuncs_printf.o)
                0x0000000000015ab0                xopen3
 .text.xopen    0x0000000000015ad4        0xc libbb/lib.a(xfuncs_printf.o)
                0x0000000000015ad4                xopen
 .text.open3_or_warn
                0x0000000000015ae0       0x2c libbb/lib.a(xfuncs_printf.o)
                0x0000000000015ae0                open3_or_warn
 .text.open_or_warn
                0x0000000000015b0c        0xc libbb/lib.a(xfuncs_printf.o)
                0x0000000000015b0c                open_or_warn
 .text.xunlink  0x0000000000015b18       0x24 libbb/lib.a(xfuncs_printf.o)
                0x0000000000015b18                xunlink
 .text.xrename  0x0000000000015b3c       0x2c libbb/lib.a(xfuncs_printf.o)
                0x0000000000015b3c                xrename
 .text.xpipe    0x0000000000015b68       0x1c libbb/lib.a(xfuncs_printf.o)
                0x0000000000015b68                xpipe
 .text.xdup2    0x0000000000015b84       0x20 libbb/lib.a(xfuncs_printf.o)
                0x0000000000015b84                xdup2
 .text.xmove_fd
                0x0000000000015ba4       0x20 libbb/lib.a(xfuncs_printf.o)
                0x0000000000015ba4                xmove_fd
 .text.xwrite   0x0000000000015bc4       0x38 libbb/lib.a(xfuncs_printf.o)
                0x0000000000015bc4                xwrite
 .text.xwrite_str
                0x0000000000015bfc       0x28 libbb/lib.a(xfuncs_printf.o)
                0x0000000000015bfc                xwrite_str
 .text.xclose   0x0000000000015c24       0x1c libbb/lib.a(xfuncs_printf.o)
                0x0000000000015c24                xclose
 .text.xlseek   0x0000000000015c40       0x5c libbb/lib.a(xfuncs_printf.o)
                0x0000000000015c40                xlseek
 .text.xmkstemp
                0x0000000000015c9c       0x24 libbb/lib.a(xfuncs_printf.o)
                0x0000000000015c9c                xmkstemp
 .text.die_if_ferror
                0x0000000000015cc0       0x24 libbb/lib.a(xfuncs_printf.o)
                0x0000000000015cc0                die_if_ferror
 .text.die_if_ferror_stdout
                0x0000000000015ce4       0x18 libbb/lib.a(xfuncs_printf.o)
                0x0000000000015ce4                die_if_ferror_stdout
 .text.fflush_all
                0x0000000000015cfc        0x8 libbb/lib.a(xfuncs_printf.o)
                0x0000000000015cfc                fflush_all
 .text.bb_putchar
                0x0000000000015d04        0x4 libbb/lib.a(xfuncs_printf.o)
                0x0000000000015d04                bb_putchar
 .text.xprint_and_close_file
                0x0000000000015d08       0x40 libbb/lib.a(xfuncs_printf.o)
                0x0000000000015d08                xprint_and_close_file
 .text.xasprintf
                0x0000000000015d48       0x44 libbb/lib.a(xfuncs_printf.o)
                0x0000000000015d48                xasprintf
 .text.xsetenv  0x0000000000015d8c       0x20 libbb/lib.a(xfuncs_printf.o)
                0x0000000000015d8c                xsetenv
 .text.bb_unsetenv
                0x0000000000015dac       0x44 libbb/lib.a(xfuncs_printf.o)
                0x0000000000015dac                bb_unsetenv
 .text.bb_unsetenv_and_free
                0x0000000000015df0       0x18 libbb/lib.a(xfuncs_printf.o)
                0x0000000000015df0                bb_unsetenv_and_free
 .text.xsetgid  0x0000000000015e08       0x1c libbb/lib.a(xfuncs_printf.o)
                0x0000000000015e08                xsetgid
 .text.xsetuid  0x0000000000015e24       0x1c libbb/lib.a(xfuncs_printf.o)
                0x0000000000015e24                xsetuid
 .text.xsetegid
                0x0000000000015e40       0x1c libbb/lib.a(xfuncs_printf.o)
                0x0000000000015e40                xsetegid
 .text.xseteuid
                0x0000000000015e5c       0x1c libbb/lib.a(xfuncs_printf.o)
                0x0000000000015e5c                xseteuid
 .text.xopen_as_uid_gid
                0x0000000000015e78       0x5c libbb/lib.a(xfuncs_printf.o)
                0x0000000000015e78                xopen_as_uid_gid
 .text.xchdir   0x0000000000015ed4       0x24 libbb/lib.a(xfuncs_printf.o)
                0x0000000000015ed4                xchdir
 .text.warn_opendir
                0x0000000000015ef8       0x2c libbb/lib.a(xfuncs_printf.o)
                0x0000000000015ef8                warn_opendir
 .text.xopendir
                0x0000000000015f24       0x24 libbb/lib.a(xfuncs_printf.o)
                0x0000000000015f24                xopendir
 .text.xsocket  0x0000000000015f48       0x1c libbb/lib.a(xfuncs_printf.o)
                0x0000000000015f48                xsocket
 .text.xbind    0x0000000000015f64       0x1c libbb/lib.a(xfuncs_printf.o)
                0x0000000000015f64                xbind
 .text.xsendto  0x0000000000015f80       0x30 libbb/lib.a(xfuncs_printf.o)
                0x0000000000015f80                xsendto
 .text.xstat    0x0000000000015fb0       0x24 libbb/lib.a(xfuncs_printf.o)
                0x0000000000015fb0                xstat
 .text.xfstat   0x0000000000015fd4       0x1c libbb/lib.a(xfuncs_printf.o)
                0x0000000000015fd4                xfstat
 .text.ioctl_or_perror_and_die
                0x0000000000015ff0       0x54 libbb/lib.a(xfuncs_printf.o)
                0x0000000000015ff0                ioctl_or_perror_and_die
 .text.ioctl_or_perror
                0x0000000000016044       0x54 libbb/lib.a(xfuncs_printf.o)
                0x0000000000016044                ioctl_or_perror
 .text.bb_ioctl_or_warn
                0x0000000000016098       0x24 libbb/lib.a(xfuncs_printf.o)
                0x0000000000016098                bb_ioctl_or_warn
 .text.bb_xioctl
                0x00000000000160bc       0x1c libbb/lib.a(xfuncs_printf.o)
                0x00000000000160bc                bb_xioctl
 .text.xmalloc_ttyname
                0x00000000000160d8       0x30 libbb/lib.a(xfuncs_printf.o)
                0x00000000000160d8                xmalloc_ttyname
 .text.xfork    0x0000000000016108       0x1c libbb/lib.a(xfuncs_printf.o)
                0x0000000000016108                xfork
 .text.xmalloc_readlink
                0x0000000000016124       0x64 libbb/lib.a(xreadlink.o)
                0x0000000000016124                xmalloc_readlink
 .text.xmalloc_readlink_or_warn
                0x0000000000016188       0x54 libbb/lib.a(xreadlink.o)
                0x0000000000016188                xmalloc_readlink_or_warn
 .text.xmalloc_realpath
                0x00000000000161dc        0x8 libbb/lib.a(xreadlink.o)
                0x00000000000161dc                xmalloc_realpath
 .text.bb_full_fd_action
                0x00000000000161e4      0x180 libbb/lib.a(copyfd.o)
 .text.bb_copyfd_size
                0x0000000000016364       0x2c libbb/lib.a(copyfd.o)
                0x0000000000016364                bb_copyfd_size
 .text.bb_copyfd_eof
                0x0000000000016390        0xc libbb/lib.a(copyfd.o)
                0x0000000000016390                bb_copyfd_eof
 .text.full_write
                0x000000000001639c       0x54 libbb/lib.a(full_write.o)
                0x000000000001639c                full_write
 .text.safe_read
                0x00000000000163f0       0x44 libbb/lib.a(read.o)
                0x00000000000163f0                safe_read
 .text.full_read
                0x0000000000016434       0x58 libbb/lib.a(read.o)
                0x0000000000016434                full_read
 .text.read_close
                0x000000000001648c       0x20 libbb/lib.a(read.o)
                0x000000000001648c                read_close
 .text.open_read_close
                0x00000000000164ac       0x2c libbb/lib.a(read.o)
                0x00000000000164ac                open_read_close
 .text.safe_write
                0x00000000000164d8       0x4c libbb/lib.a(safe_write.o)
                0x00000000000164d8                safe_write
 .text.record_signo
                0x0000000000016524       0x10 libbb/lib.a(signals.o)
                0x0000000000016524                record_signo
 .text.sigaction_set
                0x0000000000016534        0x8 libbb/lib.a(signals.o)
                0x0000000000016534                sigaction_set
 .text.sigprocmask_allsigs
                0x000000000001653c       0x2c libbb/lib.a(signals.o)
                0x000000000001653c                sigprocmask_allsigs
 .text.bb_signals
                0x0000000000016568       0x40 libbb/lib.a(signals.o)
                0x0000000000016568                bb_signals
 .text.bb_signals_recursive_norestart
                0x00000000000165a8       0x64 libbb/lib.a(signals.o)
                0x00000000000165a8                bb_signals_recursive_norestart
 .text.sig_unblock
                0x000000000001660c       0x38 libbb/lib.a(signals.o)
                0x000000000001660c                sig_unblock
 .text.kill_myself_with_sig
                0x0000000000016644       0x28 libbb/lib.a(signals.o)
                0x0000000000016644                kill_myself_with_sig
 .text.signal_SA_RESTART_empty_mask
                0x000000000001666c       0x40 libbb/lib.a(signals.o)
                0x000000000001666c                signal_SA_RESTART_empty_mask
 .text.get_mono
                0x00000000000166ac       0x2c libbb/lib.a(time.o)
 .text.parse_datestr
                0x00000000000166d8      0x478 libbb/lib.a(time.o)
                0x00000000000166d8                parse_datestr
 .text.validate_tm_time
                0x0000000000016b50       0x28 libbb/lib.a(time.o)
                0x0000000000016b50                validate_tm_time
 .text.strftime_HHMMSS
                0x0000000000016b78       0x48 libbb/lib.a(time.o)
                0x0000000000016b78                strftime_HHMMSS
 .text.monotonic_us
                0x0000000000016bc0       0x40 libbb/lib.a(time.o)
                0x0000000000016bc0                monotonic_us
 .text.monotonic_ms
                0x0000000000016c00       0x40 libbb/lib.a(time.o)
                0x0000000000016c00                monotonic_ms
 .text.monotonic_sec
                0x0000000000016c40       0x18 libbb/lib.a(time.o)
                0x0000000000016c40                monotonic_sec
 .text.handle_errors.isra.0
                0x0000000000016c58       0x60 libbb/lib.a(bb_strtonum.o)
 .text.bb_strtoull
                0x0000000000016cb8       0x70 libbb/lib.a(bb_strtonum.o)
                0x0000000000016cb8                bb_strtoull
 .text.bb_strtoll
                0x0000000000016d28       0x7c libbb/lib.a(bb_strtonum.o)
                0x0000000000016d28                bb_strtoll
 .text.bb_strtoul
                0x0000000000016da4       0x6c libbb/lib.a(bb_strtonum.o)
                0x0000000000016da4                bb_strtoul
 .text.bb_strtol
                0x0000000000016e10       0x78 libbb/lib.a(bb_strtonum.o)
                0x0000000000016e10                bb_strtol
 .text.alarm_handler
                0x0000000000016e88       0x3c loginutils/lib.a(login.o)
 .text.login_main
                0x0000000000016ec4      0x36c loginutils/lib.a(login.o)
                0x0000000000016ec4                login_main
 .text.crondlog
                0x0000000000017230       0x60 miscutils/lib.a(crond.o)
 .text.log8     0x0000000000017290       0x2c miscutils/lib.a(crond.o)
 .text.log5     0x00000000000172bc       0x2c miscutils/lib.a(crond.o)
 .text.reopen_logfile_to_stderr
                0x00000000000172e8       0x4c miscutils/lib.a(crond.o)
 .text.delete_cronfile
                0x0000000000017334       0xa8 miscutils/lib.a(crond.o)
 .text.ParseField
                0x00000000000173dc      0x228 miscutils/lib.a(crond.o)
 .text.start_one_job
                0x0000000000017604      0x15c miscutils/lib.a(crond.o)
 .text.log7.constprop.0
                0x0000000000017760       0x30 miscutils/lib.a(crond.o)
 .text.load_crontab
                0x0000000000017790      0x330 miscutils/lib.a(crond.o)
 .text.rescan_crontab_dir
                0x0000000000017ac0       0xf8 miscutils/lib.a(crond.o)
 .text.crond_main
                0x0000000000017bb8      0x538 miscutils/lib.a(crond.o)
                0x0000000000017bb8                crond_main
 .text.edit_file
                0x00000000000180f0       0x9c miscutils/lib.a(crontab.o)
 .text.crontab_main
                0x000000000001818c      0x2c4 miscutils/lib.a(crontab.o)
                0x000000000001818c                crontab_main
 .text.devmem_main
                0x0000000000018450      0x220 miscutils/lib.a(devmem.o)
                0x0000000000018450                devmem_main
 .text.at_end   0x0000000000018670       0x78 miscutils/lib.a(less.o)
 .text.safe_lineno
                0x00000000000186e8       0x34 miscutils/lib.a(less.o)
 .text.opp_bracket
                0x000000000001871c       0x5c miscutils/lib.a(less.o)
 .text.sigwinch_handler
                0x0000000000018778       0x1c miscutils/lib.a(less.o)
 .text.set_tty_cooked
                0x0000000000018794       0x28 miscutils/lib.a(less.o)
 .text.clear_line
                0x00000000000187bc       0x20 miscutils/lib.a(less.o)
 .text.less_exit
                0x00000000000187dc       0x48 miscutils/lib.a(less.o)
 .text.sig_catcher
                0x0000000000018824        0xc miscutils/lib.a(less.o)
 .text.print_statusline
                0x0000000000018830       0x34 miscutils/lib.a(less.o)
 .text.fill_match_lines
                0x0000000000018864       0xb4 miscutils/lib.a(less.o)
 .text.read_lines
                0x0000000000018918      0x350 miscutils/lib.a(less.o)
 .text.goto_lineno
                0x0000000000018c68       0xa0 miscutils/lib.a(less.o)
 .text.cap_cur_fline
                0x0000000000018d08       0x94 miscutils/lib.a(less.o)
 .text.re_wrap  0x0000000000018d9c      0x1dc miscutils/lib.a(less.o)
 .text.update_num_lines
                0x0000000000018f78      0x100 miscutils/lib.a(less.o)
 .text.m_status_print
                0x0000000000019078      0x148 miscutils/lib.a(less.o)
 .text.status_print
                0x00000000000191c0       0xa0 miscutils/lib.a(less.o)
 .text.buffer_print
                0x0000000000019260      0x344 miscutils/lib.a(less.o)
 .text.buffer_fill_and_print
                0x00000000000195a4       0xe4 miscutils/lib.a(less.o)
 .text.reinitialize
                0x0000000000019688       0xe0 miscutils/lib.a(less.o)
 .text.change_file
                0x0000000000019768       0x88 miscutils/lib.a(less.o)
 .text.buffer_down
                0x00000000000197f0       0x54 miscutils/lib.a(less.o)
 .text.buffer_up
                0x0000000000019844       0x5c miscutils/lib.a(less.o)
 .text.buffer_to_line
                0x00000000000198a0       0x4c miscutils/lib.a(less.o)
 .text.goto_match
                0x00000000000198ec       0x80 miscutils/lib.a(less.o)
 .text.getch_nowait
                0x000000000001996c      0x134 miscutils/lib.a(less.o)
 .text.less_getch
                0x0000000000019aa0       0x50 miscutils/lib.a(less.o)
 .text.less_gets
                0x0000000000019af0       0xd4 miscutils/lib.a(less.o)
 .text.examine_file
                0x0000000000019bc4       0x8c miscutils/lib.a(less.o)
 .text.regex_process
                0x0000000000019c50      0x128 miscutils/lib.a(less.o)
 .text.less_main
                0x0000000000019d78      0xbb4 miscutils/lib.a(less.o)
                0x0000000000019d78                less_main
 .text.makedevs_main
                0x000000000001a92c      0x454 miscutils/lib.a(makedevs.o)
                0x000000000001a92c                makedevs_main
 .text.readahead_main
                0x000000000001ad80       0xa8 miscutils/lib.a(readahead.o)
                0x000000000001ad80                readahead_main
 .text.strings_main
                0x000000000001ae28      0x1f4 miscutils/lib.a(strings.o)
                0x000000000001ae28                strings_main
 .text.ptok     0x000000000001b01c       0x34 miscutils/lib.a(time.o)
 .text.run_command
                0x000000000001b050       0xe8 miscutils/lib.a(time.o)
 .text.time_main
                0x000000000001b138      0x5f8 miscutils/lib.a(time.o)
                0x000000000001b138                time_main
 .text.replace  0x000000000001b730       0x1c modutils/lib.a(modprobe-small.o)
 .text.filename2modname
                0x000000000001b74c       0x3c modutils/lib.a(modprobe-small.o)
 .text.moderror
                0x000000000001b788       0x58 modutils/lib.a(modprobe-small.o)
 .text.load_dep_bb
                0x000000000001b7e0      0x130 modutils/lib.a(modprobe-small.o)
 .text.find_keyword
                0x000000000001b910       0x70 modutils/lib.a(modprobe-small.o)
 .text.append   0x000000000001b980       0x70 modutils/lib.a(modprobe-small.o)
 .text.copy_stringbuf
                0x000000000001b9f0       0x2c modutils/lib.a(modprobe-small.o)
 .text.rmmod    0x000000000001ba1c       0x58 modutils/lib.a(modprobe-small.o)
 .text.str_2_list
                0x000000000001ba74       0x48 modutils/lib.a(modprobe-small.o)
 .text.load_module
                0x000000000001babc       0xa8 modutils/lib.a(modprobe-small.o)
 .text.parse_module
                0x000000000001bb64      0x1fc modutils/lib.a(modprobe-small.o)
 .text.find_alias
                0x000000000001bd60      0x2ec modutils/lib.a(modprobe-small.o)
 .text.process_module
                0x000000000001c04c      0x378 modutils/lib.a(modprobe-small.o)
 .text.fileAction
                0x000000000001c3c4       0xe8 modutils/lib.a(modprobe-small.o)
 .text.lsmod_main
                0x000000000001c4ac       0x1c modutils/lib.a(modprobe-small.o)
                0x000000000001c4ac                lsmod_main
 .text.modprobe_main
                0x000000000001c4c8      0x1f8 modutils/lib.a(modprobe-small.o)
                0x000000000001c4c8                modprobe_main
 .text.arp_show
                0x000000000001c6c0      0x3b8 networking/lib.a(arp.o)
 .text.arp_main
                0x000000000001ca78      0x7a0 networking/lib.a(arp.o)
                0x000000000001ca78                arp_main
 .text.do_sethostname
                0x000000000001d218       0x8c networking/lib.a(hostname.o)
 .text.hostname_main
                0x000000000001d2a4      0x150 networking/lib.a(hostname.o)
                0x000000000001d2a4                hostname_main
 .text.ifconfig_main
                0x000000000001d3f4      0x3b0 networking/lib.a(ifconfig.o)
                0x000000000001d3f4                ifconfig_main
 .text.UNSPEC_print
                0x000000000001d7a4       0x54 networking/lib.a(interface.o)
 .text.UNSPEC_sprint
                0x000000000001d7f8       0x34 networking/lib.a(interface.o)
 .text.INET_input
                0x000000000001d82c        0x8 networking/lib.a(interface.o)
 .text.INET_sprint
                0x000000000001d834       0x40 networking/lib.a(interface.o)
 .text.ether_print
                0x000000000001d874       0x40 networking/lib.a(interface.o)
 .text.in_ib    0x000000000001d8b4       0x28 networking/lib.a(interface.o)
                0x000000000001d8b4                in_ib
 .text.add_interface
                0x000000000001d8dc       0x90 networking/lib.a(interface.o)
 .text.if_readconf
                0x000000000001d96c       0xd8 networking/lib.a(interface.o)
 .text.if_readlist_proc
                0x000000000001da44      0x278 networking/lib.a(interface.o)
 .text.do_if_fetch
                0x000000000001dcbc      0x2fc networking/lib.a(interface.o)
 .text.print_bytes_scaled
                0x000000000001dfb8       0x98 networking/lib.a(interface.o)
 .text.get_aftype
                0x000000000001e050       0x38 networking/lib.a(interface.o)
                0x000000000001e050                get_aftype
 .text.get_hwtype
                0x000000000001e088       0x38 networking/lib.a(interface.o)
                0x000000000001e088                get_hwtype
 .text.get_hwntype
                0x000000000001e0c0       0x28 networking/lib.a(interface.o)
                0x000000000001e0c0                get_hwntype
 .text.ife_print
                0x000000000001e0e8      0x414 networking/lib.a(interface.o)
 .text.display_interfaces
                0x000000000001e4fc       0xdc networking/lib.a(interface.o)
                0x000000000001e4fc                display_interfaces
 .text.unix_do_one
                0x000000000001e5d8      0x2a8 networking/lib.a(netstat.o)
 .text.ip_port_str
                0x000000000001e880       0x98 networking/lib.a(netstat.o)
 .text.dir_act  0x000000000001e918       0xec networking/lib.a(netstat.o)
 .text.add_to_prg_cache_if_socket
                0x000000000001ea04      0x124 networking/lib.a(netstat.o)
 .text.do_info  0x000000000001eb28       0x80 networking/lib.a(netstat.o)
 .text.scan_inet_proc_line
                0x000000000001eba8       0xb4 networking/lib.a(netstat.o)
 .text.print_inet_line
                0x000000000001ec5c      0x124 networking/lib.a(netstat.o)
 .text.raw_do_one
                0x000000000001ed80       0x50 networking/lib.a(netstat.o)
 .text.udp_do_one
                0x000000000001edd0       0x80 networking/lib.a(netstat.o)
 .text.tcp_do_one
                0x000000000001ee50       0x64 networking/lib.a(netstat.o)
 .text.netstat_main
                0x000000000001eeb4      0x270 networking/lib.a(netstat.o)
                0x000000000001eeb4                netstat_main
 .text.set_default_dns
                0x000000000001f124       0x40 networking/lib.a(nslookup.o)
 .text.print_host
                0x000000000001f164       0xec networking/lib.a(nslookup.o)
 .text.nslookup_main
                0x000000000001f250       0x80 networking/lib.a(nslookup.o)
                0x000000000001f250                nslookup_main
 .text.print_stats_and_exit
                0x000000000001f2d0      0x234 networking/lib.a(ping.o)
 .text.sendping4
                0x000000000001f504      0x304 networking/lib.a(ping.o)
 .text.ping_main
                0x000000000001f808      0x908 networking/lib.a(ping.o)
                0x000000000001f808                ping_main
 .text.pscan_main
                0x0000000000020110      0x2e0 networking/lib.a(pscan.o)
                0x0000000000020110                pscan_main
 .text.kw_lookup
                0x00000000000203f0       0x80 networking/lib.a(route.o)
 .text.INET_setroute
                0x0000000000020470      0x3b0 networking/lib.a(route.o)
 .text.bb_displayroutes
                0x0000000000020820      0x21c networking/lib.a(route.o)
                0x0000000000020820                bb_displayroutes
 .text.route_main
                0x0000000000020a3c      0x114 networking/lib.a(route.o)
                0x0000000000020a3c                route_main
 .text.alloc_dhcp_option
                0x0000000000020b50       0x54 networking/udhcp/lib.a(dhcpc.o)
 .text.init_packet
                0x0000000000020ba4       0xac networking/udhcp/lib.a(dhcpc.o)
 .text.add_client_options
                0x0000000000020c50      0x164 networking/udhcp/lib.a(dhcpc.o)
 .text.raw_bcast_from_client_config_ifindex
                0x0000000000020db4       0x54 networking/udhcp/lib.a(dhcpc.o)
 .text.send_discover
                0x0000000000020e08       0x68 networking/udhcp/lib.a(dhcpc.o)
 .text.send_select
                0x0000000000020e70       0x78 networking/udhcp/lib.a(dhcpc.o)
 .text.send_decline
                0x0000000000020ee8       0x64 networking/udhcp/lib.a(dhcpc.o)
 .text.send_renew
                0x0000000000020f4c       0x80 networking/udhcp/lib.a(dhcpc.o)
 .text.udhcp_recv_raw_packet
                0x0000000000020fcc      0x2c8 networking/udhcp/lib.a(dhcpc.o)
 .text.client_background
                0x0000000000021294       0x4c networking/udhcp/lib.a(dhcpc.o)
 .text.sprint_nip
                0x00000000000212e0       0x38 networking/udhcp/lib.a(dhcpc.o)
 .text.change_listen_mode
                0x0000000000021318      0x1b8 networking/udhcp/lib.a(dhcpc.o)
 .text.xmalloc_optname_optval.isra.0
                0x00000000000214d0      0x380 networking/udhcp/lib.a(dhcpc.o)
 .text.udhcp_run_script
                0x0000000000021850      0x3fc networking/udhcp/lib.a(dhcpc.o)
 .text.send_release
                0x0000000000021c4c       0x80 networking/udhcp/lib.a(dhcpc.o)
 .text.perform_release
                0x0000000000021ccc       0x94 networking/udhcp/lib.a(dhcpc.o)
 .text.udhcpc_main
                0x0000000000021d60      0xd38 networking/udhcp/lib.a(dhcpc.o)
                0x0000000000021d60                udhcpc_main
 .text.udhcp_init_header
                0x0000000000022a98       0x80 networking/udhcp/lib.a(packet.o)
                0x0000000000022a98                udhcp_init_header
 .text.udhcp_dump_packet
                0x0000000000022b18       0xf8 networking/udhcp/lib.a(packet.o)
                0x0000000000022b18                udhcp_dump_packet
 .text.udhcp_recv_kernel_packet
                0x0000000000022c10       0xd0 networking/udhcp/lib.a(packet.o)
                0x0000000000022c10                udhcp_recv_kernel_packet
 .text.udhcp_send_raw_packet
                0x0000000000022ce0      0x1dc networking/udhcp/lib.a(packet.o)
                0x0000000000022ce0                udhcp_send_raw_packet
 .text.udhcp_send_kernel_packet
                0x0000000000022ebc      0x144 networking/udhcp/lib.a(packet.o)
                0x0000000000022ebc                udhcp_send_kernel_packet
 .text.signal_handler
                0x0000000000023000       0x50 networking/udhcp/lib.a(signalpipe.o)
 .text.udhcp_sp_setup
                0x0000000000023050       0x40 networking/udhcp/lib.a(signalpipe.o)
                0x0000000000023050                udhcp_sp_setup
 .text.udhcp_sp_fd_set
                0x0000000000023090       0x44 networking/udhcp/lib.a(signalpipe.o)
                0x0000000000023090                udhcp_sp_fd_set
 .text.udhcp_sp_read
                0x00000000000230d4       0x3c networking/udhcp/lib.a(signalpipe.o)
                0x00000000000230d4                udhcp_sp_read
 .text.udhcp_read_interface
                0x0000000000023110      0x1a4 networking/udhcp/lib.a(socket.o)
                0x0000000000023110                udhcp_read_interface
 .text.udhcp_listen_socket
                0x00000000000232b4       0xec networking/udhcp/lib.a(socket.o)
                0x00000000000232b4                udhcp_listen_socket
 .text.arpping  0x00000000000233a0      0x22c networking/udhcp/lib.a(arpping.o)
                0x00000000000233a0                arpping
 .text.log_option
                0x00000000000235cc       0x5c networking/udhcp/lib.a(common.o)
 .text.udhcp_option_idx
                0x0000000000023628       0x88 networking/udhcp/lib.a(common.o)
                0x0000000000023628                udhcp_option_idx
 .text.udhcp_get_option
                0x00000000000236b0      0x108 networking/udhcp/lib.a(common.o)
                0x00000000000236b0                udhcp_get_option
 .text.udhcp_end_option
                0x00000000000237b8       0x34 networking/udhcp/lib.a(common.o)
                0x00000000000237b8                udhcp_end_option
 .text.udhcp_add_binary_option
                0x00000000000237ec       0x6c networking/udhcp/lib.a(common.o)
                0x00000000000237ec                udhcp_add_binary_option
 .text.udhcp_add_simple_option
                0x0000000000023858       0x80 networking/udhcp/lib.a(common.o)
                0x0000000000023858                udhcp_add_simple_option
 .text.udhcp_find_option
                0x00000000000238d8       0x2c networking/udhcp/lib.a(common.o)
                0x00000000000238d8                udhcp_find_option
 .text.attach_option
                0x0000000000023904      0x1b4 networking/udhcp/lib.a(common.o)
 .text.udhcp_str2nip
                0x0000000000023ab8       0x48 networking/udhcp/lib.a(common.o)
                0x0000000000023ab8                udhcp_str2nip
 .text.udhcp_str2optset
                0x0000000000023b00      0x2a4 networking/udhcp/lib.a(common.o)
                0x0000000000023b00                udhcp_str2optset
 .text.sprint_nip6
                0x0000000000023da4       0x68 networking/udhcp/lib.a(common.o)
                0x0000000000023da4                sprint_nip6
 .text.free_main
                0x0000000000023e0c      0x414 procps/lib.a(free.o)
                0x0000000000023e0c                free_main
 .text.kill_main
                0x0000000000024220      0x214 procps/lib.a(kill.o)
                0x0000000000024220                kill_main
 .text.new_out_t
                0x0000000000024434       0xb8 procps/lib.a(ps.o)
 .text.func_pgid
                0x00000000000244ec       0x14 procps/lib.a(ps.o)
 .text.func_ppid
                0x0000000000024500       0x14 procps/lib.a(ps.o)
 .text.func_pid
                0x0000000000024514       0x14 procps/lib.a(ps.o)
 .text.find_out_spec
                0x0000000000024528       0x90 procps/lib.a(ps.o)
 .text.parse_o  0x00000000000245b8      0x12c procps/lib.a(ps.o)
 .text.put_lu   0x00000000000246e4       0x4c procps/lib.a(ps.o)
 .text.func_rss
                0x0000000000024730        0x8 procps/lib.a(ps.o)
 .text.func_vsz
                0x0000000000024738        0x8 procps/lib.a(ps.o)
 .text.func_state
                0x0000000000024740       0x10 procps/lib.a(ps.o)
 .text.func_comm
                0x0000000000024750       0x10 procps/lib.a(ps.o)
 .text.func_tty
                0x0000000000024760       0x40 procps/lib.a(ps.o)
 .text.func_args
                0x00000000000247a0       0x10 procps/lib.a(ps.o)
 .text.func_group
                0x00000000000247b0       0x28 procps/lib.a(ps.o)
 .text.func_user
                0x00000000000247d8       0x28 procps/lib.a(ps.o)
 .text.ps_main  0x0000000000024800      0x4a0 procps/lib.a(ps.o)
                0x0000000000024800                ps_main
 .text.mem_sort
                0x0000000000024ca0       0x24 procps/lib.a(top.o)
 .text.display_process_list
                0x0000000000024cc4      0x31c procps/lib.a(top.o)
 .text.top_main
                0x0000000000024fe0      0x388 procps/lib.a(top.o)
                0x0000000000024fe0                top_main
 .text.uptime_main
                0x0000000000025368      0x148 procps/lib.a(uptime.o)
                0x0000000000025368                uptime_main
 .text.isdigit_str9
                0x00000000000254b0       0x2c shell/lib.a(ash.o)
 .text.var_end  0x00000000000254dc       0x24 shell/lib.a(ash.o)
 .text.stunalloc
                0x0000000000025500       0x28 shell/lib.a(ash.o)
 .text.prefix   0x0000000000025528       0x24 shell/lib.a(ash.o)
 .text.varcmp   0x000000000002554c       0x40 shell/lib.a(ash.o)
 .text.hashvar  0x000000000002558c       0x48 shell/lib.a(ash.o)
 .text.vpcmp    0x00000000000255d4        0xc shell/lib.a(ash.o)
 .text.findvar  0x00000000000255e0       0x3c shell/lib.a(ash.o)
 .text.lookupvar
                0x000000000002561c       0x58 shell/lib.a(ash.o)
 .text.bltinlookup
                0x0000000000025674       0x54 shell/lib.a(ash.o)
 .text.set_curjob
                0x00000000000256c8       0x78 shell/lib.a(ash.o)
 .text.getstatus
                0x0000000000025740       0x88 shell/lib.a(ash.o)
 .text.is_hidden_fd
                0x00000000000257c8       0x78 shell/lib.a(ash.o)
 .text.skiploop
                0x0000000000025840       0x40 shell/lib.a(ash.o)
 .text.falsecmd
                0x0000000000025880        0x8 shell/lib.a(ash.o)
 .text.truecmd  0x0000000000025888        0x8 shell/lib.a(ash.o)
 .text.bltincmd
                0x0000000000025890       0x14 shell/lib.a(ash.o)
 .text.nlnoprompt
                0x00000000000258a4       0x34 shell/lib.a(ash.o)
 .text.pungetc  0x00000000000258d8       0x1c shell/lib.a(ash.o)
 .text.pushfile
                0x00000000000258f4       0x2c shell/lib.a(ash.o)
 .text.SIT      0x0000000000025920       0xa0 shell/lib.a(ash.o)
 .text.__lookupalias
                0x00000000000259c0       0x70 shell/lib.a(ash.o)
 .text.pstrcmp1
                0x0000000000025a30        0xc shell/lib.a(ash.o)
 .text.pstrcmp  0x0000000000025a3c        0x8 shell/lib.a(ash.o)
 .text.msort    0x0000000000025a44       0xc4 shell/lib.a(ash.o)
 .text.raise_exception
                0x0000000000025b08       0x2c shell/lib.a(ash.o)
 .text.freealias
                0x0000000000025b34       0x44 shell/lib.a(ash.o)
 .text.freeparam
                0x0000000000025b78       0x38 shell/lib.a(ash.o)
 .text.freefunc
                0x0000000000025bb0       0x20 shell/lib.a(ash.o)
 .text.setparam
                0x0000000000025bd0       0x88 shell/lib.a(ash.o)
 .text.ignoresig
                0x0000000000025c58       0x3c shell/lib.a(ash.o)
 .text.raise_interrupt
                0x0000000000025c94       0x5c shell/lib.a(ash.o)
 .text.int_on   0x0000000000025cf0       0x34 shell/lib.a(ash.o)
 .text.flush_stdout_stderr
                0x0000000000025d24       0x28 shell/lib.a(ash.o)
 .text.clearcmdentry
                0x0000000000025d4c       0x9c shell/lib.a(ash.o)
 .text.changepath
                0x0000000000025de8       0xf0 shell/lib.a(ash.o)
 .text.ifsfree  0x0000000000025ed8       0x70 shell/lib.a(ash.o)
 .text.unalias  0x0000000000025f48       0x50 shell/lib.a(ash.o)
 .text.popstring
                0x0000000000025f98       0xe4 shell/lib.a(ash.o)
 .text.setinputstring
                0x000000000002607c       0x58 shell/lib.a(ash.o)
 .text.pushstring
                0x00000000000260d4       0xc0 shell/lib.a(ash.o)
 .text.delete_cmd_entry
                0x0000000000026194       0x58 shell/lib.a(ash.o)
 .text.freejob  0x00000000000261ec       0x84 shell/lib.a(ash.o)
 .text.recordregion
                0x0000000000026270       0x70 shell/lib.a(ash.o)
 .text.removerecordregions
                0x00000000000262e0      0x118 shell/lib.a(ash.o)
 .text.popstackmark
                0x00000000000263f8       0x78 shell/lib.a(ash.o)
 .text.force_int_on
                0x0000000000026470       0x28 shell/lib.a(ash.o)
 .text.signal_handler
                0x0000000000026498       0x70 shell/lib.a(ash.o)
 .text.popfile  0x0000000000026508       0x80 shell/lib.a(ash.o)
 .text.newline_and_flush
                0x0000000000026588       0x3c shell/lib.a(ash.o)
 .text.ash_vmsg
                0x00000000000265c4       0xcc shell/lib.a(ash.o)
 .text.ash_msg_and_raise_error
                0x0000000000026690       0x38 shell/lib.a(ash.o)
 .text.setvareq
                0x00000000000266c8      0x124 shell/lib.a(ash.o)
 .text.listsetvar
                0x00000000000267ec       0x48 shell/lib.a(ash.o)
 .text.setvar   0x0000000000026834       0xe8 shell/lib.a(ash.o)
 .text.change_random
                0x000000000002691c       0x80 shell/lib.a(ash.o)
 .text.setvar0  0x000000000002699c        0x8 shell/lib.a(ash.o)
 .text.unsetvar
                0x00000000000269a4       0xb4 shell/lib.a(ash.o)
 .text.number   0x0000000000026a58       0x38 shell/lib.a(ash.o)
 .text.getoptsreset
                0x0000000000026a90       0x2c shell/lib.a(ash.o)
 .text.shiftcmd
                0x0000000000026abc       0xc0 shell/lib.a(ash.o)
 .text.returncmd
                0x0000000000026b7c       0x34 shell/lib.a(ash.o)
 .text.dup2_or_raise
                0x0000000000026bb0       0x3c shell/lib.a(ash.o)
 .text.popredir
                0x0000000000026bec       0xd0 shell/lib.a(ash.o)
 .text.stalloc  0x0000000000026cbc       0xa8 shell/lib.a(ash.o)
 .text.pushstackmark
                0x0000000000026d64       0x2c shell/lib.a(ash.o)
 .text.setstackmark
                0x0000000000026d90       0x34 shell/lib.a(ash.o)
 .text.sstrdup  0x0000000000026dc4       0x28 shell/lib.a(ash.o)
 .text.raise_error_syntax
                0x0000000000026dec       0x14 shell/lib.a(ash.o)
 .text.nextopt  0x0000000000026e00      0x120 shell/lib.a(ash.o)
 .text.unaliascmd
                0x0000000000026f20       0xe4 shell/lib.a(ash.o)
 .text.cdopt    0x0000000000027004       0x3c shell/lib.a(ash.o)
 .text.breakcmd
                0x0000000000027040       0x90 shell/lib.a(ash.o)
 .text.setsignal
                0x00000000000270d0      0x19c shell/lib.a(ash.o)
 .text.setpwd   0x000000000002726c       0xe4 shell/lib.a(ash.o)
 .text.ash_msg  0x0000000000027350       0x28 shell/lib.a(ash.o)
 .text.out1fmt  0x0000000000027378       0x4c shell/lib.a(ash.o)
 .text.options  0x00000000000273c4      0x2b8 shell/lib.a(ash.o)
 .text.pwdcmd   0x000000000002767c       0x58 shell/lib.a(ash.o)
 .text.setinputfile
                0x00000000000276d4      0x128 shell/lib.a(ash.o)
 .text.xtcsetpgrp
                0x00000000000277fc       0x1c shell/lib.a(ash.o)
 .text.setjobctl
                0x0000000000027818      0x1a0 shell/lib.a(ash.o)
 .text.optschanged
                0x00000000000279b8       0x5c shell/lib.a(ash.o)
 .text.out2str  0x0000000000027a14       0x38 shell/lib.a(ash.o)
 .text.stoppedjobs
                0x0000000000027a4c       0x60 shell/lib.a(ash.o)
 .text.exitcmd  0x0000000000027aac       0x44 shell/lib.a(ash.o)
 .text.localcmd
                0x0000000000027af0      0x1ac shell/lib.a(ash.o)
 .text.stzalloc
                0x0000000000027c9c       0x1c shell/lib.a(ash.o)
 .text.makename
                0x0000000000027cb8       0x38 shell/lib.a(ash.o)
 .text.addfname
                0x0000000000027cf0       0x38 shell/lib.a(ash.o)
 .text.find_builtin
                0x0000000000027d28       0x2c shell/lib.a(ash.o)
 .text.cmdlookup
                0x0000000000027d54       0xcc shell/lib.a(ash.o)
 .text.unsetcmd
                0x0000000000027e20       0x94 shell/lib.a(ash.o)
 .text.nodeckstrdup
                0x0000000000027eb4       0x34 shell/lib.a(ash.o)
 .text.copynode
                0x0000000000027ee8      0x15c shell/lib.a(ash.o)
 .text.copynodelist
                0x0000000000028044       0x54 shell/lib.a(ash.o)
 .text.fmtstr   0x0000000000028098       0x50 shell/lib.a(ash.o)
 .text.sprint_status48
                0x00000000000280e8       0xbc shell/lib.a(ash.o)
 .text.dowait   0x00000000000281a4      0x238 shell/lib.a(ash.o)
 .text.waitforjob
                0x00000000000283dc       0xa4 shell/lib.a(ash.o)
 .text.showjob  0x0000000000028480      0x200 shell/lib.a(ash.o)
 .text.showjobs
                0x0000000000028680       0x5c shell/lib.a(ash.o)
 .text.umaskcmd
                0x00000000000286dc      0x164 shell/lib.a(ash.o)
 .text.ulimitcmd
                0x0000000000028840        0x8 shell/lib.a(ash.o)
 .text.errmsg   0x0000000000028848       0x18 shell/lib.a(ash.o)
 .text.timescmd
                0x0000000000028860       0xa0 shell/lib.a(ash.o)
 .text.readcmd  0x0000000000028900      0x13c shell/lib.a(ash.o)
 .text.printfcmd
                0x0000000000028a3c        0x4 shell/lib.a(ash.o)
 .text.ash_arith
                0x0000000000028a40       0x70 shell/lib.a(ash.o)
 .text.letcmd   0x0000000000028ab0       0x44 shell/lib.a(ash.o)
 .text.historycmd
                0x0000000000028af4       0x1c shell/lib.a(ash.o)
 .text.getoptscmd
                0x0000000000028b10      0x2ac shell/lib.a(ash.o)
 .text.tryexec  0x0000000000028dbc       0x60 shell/lib.a(ash.o)
 .text.echocmd  0x0000000000028e1c        0x4 shell/lib.a(ash.o)
 .text.testcmd  0x0000000000028e20        0x4 shell/lib.a(ash.o)
 .text.growstackblock
                0x0000000000028e24       0xc8 shell/lib.a(ash.o)
 .text.makestrspace
                0x0000000000028eec       0x40 shell/lib.a(ash.o)
 .text.single_quote
                0x0000000000028f2c       0xd0 shell/lib.a(ash.o)
 .text.printalias
                0x0000000000028ffc       0x28 shell/lib.a(ash.o)
 .text.aliascmd
                0x0000000000029024      0x16c shell/lib.a(ash.o)
 .text.trapcmd  0x0000000000029190      0x154 shell/lib.a(ash.o)
 .text.stack_putstr
                0x00000000000292e4       0x30 shell/lib.a(ash.o)
 .text.rmescapes
                0x0000000000029314      0x1a0 shell/lib.a(ash.o)
 .text.memtodest
                0x00000000000294b4       0xc8 shell/lib.a(ash.o)
 .text.cvtnum   0x000000000002957c       0x4c shell/lib.a(ash.o)
 .text.cmdputs  0x00000000000295c8      0x1e4 shell/lib.a(ash.o)
 .text.growstackstr
                0x00000000000297ac       0x24 shell/lib.a(ash.o)
 .text._STPUTC  0x00000000000297d0       0x30 shell/lib.a(ash.o)
 .text.listvars
                0x0000000000029800       0xa8 shell/lib.a(ash.o)
 .text.showvars
                0x00000000000298a8       0xcc shell/lib.a(ash.o)
 .text.setcmd   0x0000000000029974       0x70 shell/lib.a(ash.o)
 .text.exportcmd
                0x00000000000299e4       0xe8 shell/lib.a(ash.o)
 .text.path_advance
                0x0000000000029acc      0x12c shell/lib.a(ash.o)
 .text.cdcmd    0x0000000000029bf8      0x3bc shell/lib.a(ash.o)
 .text.makejob  0x0000000000029fb4      0x194 shell/lib.a(ash.o)
 .text.scanleft
                0x000000000002a148       0x7c shell/lib.a(ash.o)
 .text.forkchild
                0x000000000002a1c4      0x2dc shell/lib.a(ash.o)
 .text.expmeta  0x000000000002a4a0      0x2e0 shell/lib.a(ash.o)
 .text.raise_error_unexpected_syntax
                0x000000000002a780       0x98 shell/lib.a(ash.o)
 .text.calcsize
                0x000000000002a818      0x160 shell/lib.a(ash.o)
 .text.varvalue
                0x000000000002a978      0x348 shell/lib.a(ash.o)
 .text.scanright
                0x000000000002acc0       0xac shell/lib.a(ash.o)
 .text.cmdtxt   0x000000000002ad6c      0x39c shell/lib.a(ash.o)
 .text.forkshell
                0x000000000002b108      0x178 shell/lib.a(ash.o)
 .text.getjob   0x000000000002b280      0x188 shell/lib.a(ash.o)
 .text.waitcmd  0x000000000002b408      0x130 shell/lib.a(ash.o)
 .text.jobscmd  0x000000000002b538       0x7c shell/lib.a(ash.o)
 .text.killcmd  0x000000000002b5b4      0x110 shell/lib.a(ash.o)
 .text.argstr   0x000000000002b6c4      0x5dc shell/lib.a(ash.o)
 .text.expandarg
                0x000000000002bca0      0x498 shell/lib.a(ash.o)
 .text.redirect
                0x000000000002c138      0x5c4 shell/lib.a(ash.o)
 .text.redirectsafe
                0x000000000002c6fc       0xb0 shell/lib.a(ash.o)
 .text.expredir
                0x000000000002c7ac      0x130 shell/lib.a(ash.o)
 .text.expandstr
                0x000000000002c8dc       0x98 shell/lib.a(ash.o)
 .text.setprompt_if
                0x000000000002c974       0xb8 shell/lib.a(ash.o)
 .text.nlprompt
                0x000000000002ca2c       0x2c shell/lib.a(ash.o)
 .text.xxreadtoken
                0x000000000002ca58      0x170 shell/lib.a(ash.o)
 .text.readtoken
                0x000000000002cbc8      0x108 shell/lib.a(ash.o)
 .text.parsefname
                0x000000000002ccd0      0x198 shell/lib.a(ash.o)
 .text.list     0x000000000002ce68      0x1d0 shell/lib.a(ash.o)
 .text.parsecmd
                0x000000000002d038       0x58 shell/lib.a(ash.o)
 .text.evalstring
                0x000000000002d090       0xe8 shell/lib.a(ash.o)
 .text.evalbltin
                0x000000000002d178      0x188 shell/lib.a(ash.o)
 .text.dotrap   0x000000000002d300       0x9c shell/lib.a(ash.o)
 .text.evaltree
                0x000000000002d39c      0x2b4 shell/lib.a(ash.o)
 .text.evalsubshell
                0x000000000002d650       0xcc shell/lib.a(ash.o)
 .text.evalloop
                0x000000000002d71c       0x9c shell/lib.a(ash.o)
 .text.evalfun  0x000000000002d7b8      0x244 shell/lib.a(ash.o)
 .text.exitshell
                0x000000000002d9fc       0x88 shell/lib.a(ash.o)
 .text.pgetc    0x000000000002da84      0x308 shell/lib.a(ash.o)
 .text.pgetc_without_PEOA
                0x000000000002dd8c       0x1c shell/lib.a(ash.o)
 .text.pgetc_eatbnl
                0x000000000002dda8       0x34 shell/lib.a(ash.o)
 .text.cmdloop  0x000000000002dddc      0x108 shell/lib.a(ash.o)
 .text.find_command
                0x000000000002dee4      0x3d4 shell/lib.a(ash.o)
 .text.hashcmd  0x000000000002e2b8      0x198 shell/lib.a(ash.o)
 .text.evalpipe
                0x000000000002e450      0x1ac shell/lib.a(ash.o)
 .text.dotcmd   0x000000000002e5fc      0x19c shell/lib.a(ash.o)
 .text.readtoken1
                0x000000000002e798      0xdb4 shell/lib.a(ash.o)
 .text.parseheredoc
                0x000000000002f54c       0x94 shell/lib.a(ash.o)
 .text.parse_command
                0x000000000002f5e0      0x7e0 shell/lib.a(ash.o)
 .text.pipeline
                0x000000000002fdc0       0xe0 shell/lib.a(ash.o)
 .text.read_profile
                0x000000000002fea0       0x28 shell/lib.a(ash.o)
 .text.evalfor  0x000000000002fec8       0xcc shell/lib.a(ash.o)
 .text.subevalvar
                0x000000000002ff94      0x5fc shell/lib.a(ash.o)
 .text.evalvar  0x0000000000030590      0x304 shell/lib.a(ash.o)
 .text.evalcase
                0x0000000000030894      0x154 shell/lib.a(ash.o)
 .text.ash_msg_and_raise.constprop.2
                0x00000000000309e8       0x28 shell/lib.a(ash.o)
 .text.shellexec
                0x0000000000030a10      0x114 shell/lib.a(ash.o)
 .text.execcmd  0x0000000000030b24       0xa0 shell/lib.a(ash.o)
 .text.evalcommand
                0x0000000000030bc4      0x5b0 shell/lib.a(ash.o)
 .text.out1str  0x0000000000031174       0x34 shell/lib.a(ash.o)
 .text.fg_bgcmd
                0x00000000000311a8      0x18c shell/lib.a(ash.o)
 .text.describe_command
                0x0000000000031334      0x1c0 shell/lib.a(ash.o)
 .text.typecmd  0x00000000000314f4       0x5c shell/lib.a(ash.o)
 .text.commandcmd
                0x0000000000031550       0x70 shell/lib.a(ash.o)
 .text.ash_main
                0x00000000000315c0      0x664 shell/lib.a(ash.o)
                0x00000000000315c0                ash_main
 .text.arith_apply
                0x0000000000031c24      0x530 shell/lib.a(math.o)
 .text.evaluate_string
                0x0000000000032154      0x320 shell/lib.a(math.o)
 .text.arith_lookup_val
                0x0000000000032474       0xa8 shell/lib.a(math.o)
 .text.arith    0x000000000003251c       0x10 shell/lib.a(math.o)
                0x000000000003251c                arith
 .text.next_random
                0x000000000003252c       0xc0 shell/lib.a(random.o)
                0x000000000003252c                next_random
 .text.printlim.isra.0
                0x00000000000325ec       0x60 shell/lib.a(shell_common.o)
 .text.is_well_formed_var_name
                0x000000000003264c       0x5c shell/lib.a(shell_common.o)
                0x000000000003264c                is_well_formed_var_name
 .text.shell_builtin_read
                0x00000000000326a8      0x4d0 shell/lib.a(shell_common.o)
                0x00000000000326a8                shell_builtin_read
 .text.shell_builtin_ulimit
                0x0000000000032b78      0x208 shell/lib.a(shell_common.o)
                0x0000000000032b78                shell_builtin_ulimit
 .text.dmesg_main
                0x0000000000032d80      0x154 util-linux/lib.a(dmesg.o)
                0x0000000000032d80                dmesg_main
 .text.normalize
                0x0000000000032ed4       0xe8 util-linux/lib.a(getopt.o)
 .text.generate_output
                0x0000000000032fbc      0x154 util-linux/lib.a(getopt.o)
 .text.getopt_main
                0x0000000000033110      0x1cc util-linux/lib.a(getopt.o)
                0x0000000000033110                getopt_main
 .text.hexdump_main
                0x00000000000332dc      0x1ec util-linux/lib.a(hexdump.o)
                0x00000000000332dc                hexdump_main
 .text.ionice_main
                0x00000000000334c8      0x154 util-linux/lib.a(ionice.o)
                0x00000000000334c8                ionice_main
 .text.dirAction
                0x000000000003361c       0x10 util-linux/lib.a(mdev.o)
 .text.make_default_cur_rule
                0x000000000003362c       0x54 util-linux/lib.a(mdev.o)
 .text.clean_up_cur_rule
                0x0000000000033680       0xc4 util-linux/lib.a(mdev.o)
 .text.mkdir_recursive
                0x0000000000033744       0x30 util-linux/lib.a(mdev.o)
 .text.make_device
                0x0000000000033774      0xd84 util-linux/lib.a(mdev.o)
 .text.fileAction
                0x00000000000344f8      0x1a0 util-linux/lib.a(mdev.o)
 .text.curtime  0x0000000000034698       0x44 util-linux/lib.a(mdev.o)
 .text.mdev_main
                0x00000000000346dc      0x6ec util-linux/lib.a(mdev.o)
                0x00000000000346dc                mdev_main
 .text.mesg_main
                0x0000000000034dc8       0xbc util-linux/lib.a(mesg.o)
                0x0000000000034dc8                mesg_main
 .text.get_wh   0x0000000000034e84       0x74 util-linux/lib.a(more.o)
 .text.gotsig   0x0000000000034ef8       0x40 util-linux/lib.a(more.o)
 .text.more_main
                0x0000000000034f38      0x340 util-linux/lib.a(more.o)
                0x0000000000034f38                more_main
 .text.parse_mount_options
                0x0000000000035278      0x130 util-linux/lib.a(mount.o)
 .text.append_mount_options
                0x00000000000353a8       0xf0 util-linux/lib.a(mount.o)
 .text.mount_it_now
                0x0000000000035498       0x94 util-linux/lib.a(mount.o)
 .text.singlemount
                0x000000000003552c      0x418 util-linux/lib.a(mount.o)
 .text.mount_main
                0x0000000000035944      0x540 util-linux/lib.a(mount.o)
                0x0000000000035944                mount_main
 .text.renice_main
                0x0000000000035e84      0x1b4 util-linux/lib.a(renice.o)
                0x0000000000035e84                renice_main
 .text.uevent_main
                0x0000000000036038      0x1c4 util-linux/lib.a(uevent.o)
                0x0000000000036038                uevent_main
 .text.umount_main
                0x00000000000361fc      0x2a4 util-linux/lib.a(umount.o)
                0x00000000000361fc                umount_main
 .text.uuidcache_init
                0x00000000000364a0       0x54 util-linux/volume_id/lib.a(get_devname.o)
 .text.add_to_uuid_cache
                0x00000000000364f4      0x114 util-linux/volume_id/lib.a(get_devname.o)
                0x00000000000364f4                add_to_uuid_cache
 .text.uuidcache_check_device
                0x0000000000036608       0x64 util-linux/volume_id/lib.a(get_devname.o)
 .text.get_devname_from_label
                0x000000000003666c       0x58 util-linux/volume_id/lib.a(get_devname.o)
                0x000000000003666c                get_devname_from_label
 .text.get_devname_from_uuid
                0x00000000000366c4       0x4c util-linux/volume_id/lib.a(get_devname.o)
                0x00000000000366c4                get_devname_from_uuid
 .text.resolve_mount_spec
                0x0000000000036710       0x80 util-linux/volume_id/lib.a(get_devname.o)
                0x0000000000036710                resolve_mount_spec
 .text.volume_id_probe_all
                0x0000000000036790       0xe0 util-linux/volume_id/lib.a(volume_id.o)
                0x0000000000036790                volume_id_probe_all
 .text.volume_id_open_node
                0x0000000000036870       0x18 util-linux/volume_id/lib.a(volume_id.o)
                0x0000000000036870                volume_id_open_node
 .text.free_volume_id
                0x0000000000036888       0x28 util-linux/volume_id/lib.a(volume_id.o)
                0x0000000000036888                free_volume_id
 .text.volume_id_probe_xfs
                0x00000000000368b0       0x70 util-linux/volume_id/lib.a(xfs.o)
                0x00000000000368b0                volume_id_probe_xfs
 .text.volume_id_probe_bcache
                0x0000000000036920       0x74 util-linux/volume_id/lib.a(bcache.o)
                0x0000000000036920                volume_id_probe_bcache
 .text.volume_id_probe_btrfs
                0x0000000000036994       0xa0 util-linux/volume_id/lib.a(btrfs.o)
                0x0000000000036994                volume_id_probe_btrfs
 .text.volume_id_probe_cramfs
                0x0000000000036a34       0x74 util-linux/volume_id/lib.a(cramfs.o)
                0x0000000000036a34                volume_id_probe_cramfs
 .text.volume_id_probe_exfat
                0x0000000000036aa8      0x178 util-linux/volume_id/lib.a(exfat.o)
                0x0000000000036aa8                volume_id_probe_exfat
 .text.volume_id_probe_ext
                0x0000000000036c20       0x6c util-linux/volume_id/lib.a(ext.o)
                0x0000000000036c20                volume_id_probe_ext
 .text.volume_id_probe_f2fs
                0x0000000000036c8c       0xb0 util-linux/volume_id/lib.a(f2fs.o)
                0x0000000000036c8c                volume_id_probe_f2fs
 .text.get_attr_volume_id
                0x0000000000036d3c       0x6c util-linux/volume_id/lib.a(fat.o)
 .text.volume_id_probe_vfat
                0x0000000000036da8      0x43c util-linux/volume_id/lib.a(fat.o)
                0x0000000000036da8                volume_id_probe_vfat
 .text.hfs_set_uuid
                0x00000000000371e4       0xa4 util-linux/volume_id/lib.a(hfs.o)
 .text.volume_id_probe_hfs_hfsplus
                0x0000000000037288      0x32c util-linux/volume_id/lib.a(hfs.o)
                0x0000000000037288                volume_id_probe_hfs_hfsplus
 .text.volume_id_probe_iso9660
                0x00000000000375b4      0x178 util-linux/volume_id/lib.a(iso9660.o)
                0x00000000000375b4                volume_id_probe_iso9660
 .text.volume_id_probe_jfs
                0x000000000003772c       0x70 util-linux/volume_id/lib.a(jfs.o)
                0x000000000003772c                volume_id_probe_jfs
 .text.volume_id_probe_linux_raid
                0x000000000003779c       0xd8 util-linux/volume_id/lib.a(linux_raid.o)
                0x000000000003779c                volume_id_probe_linux_raid
 .text.volume_id_probe_linux_swap
                0x0000000000037874      0x134 util-linux/volume_id/lib.a(linux_swap.o)
                0x0000000000037874                volume_id_probe_linux_swap
 .text.volume_id_probe_luks
                0x00000000000379a8       0x60 util-linux/volume_id/lib.a(luks.o)
                0x00000000000379a8                volume_id_probe_luks
 .text.volume_id_probe_nilfs
                0x0000000000037a08       0x74 util-linux/volume_id/lib.a(nilfs.o)
                0x0000000000037a08                volume_id_probe_nilfs
 .text.volume_id_probe_ntfs
                0x0000000000037a7c      0x1c8 util-linux/volume_id/lib.a(ntfs.o)
                0x0000000000037a7c                volume_id_probe_ntfs
 .text.volume_id_probe_ocfs2
                0x0000000000037c44       0x70 util-linux/volume_id/lib.a(ocfs2.o)
                0x0000000000037c44                volume_id_probe_ocfs2
 .text.volume_id_probe_reiserfs
                0x0000000000037cb4      0x130 util-linux/volume_id/lib.a(reiserfs.o)
                0x0000000000037cb4                volume_id_probe_reiserfs
 .text.volume_id_probe_romfs
                0x0000000000037de4       0x70 util-linux/volume_id/lib.a(romfs.o)
                0x0000000000037de4                volume_id_probe_romfs
 .text.volume_id_probe_sysv
                0x0000000000037e54      0x10c util-linux/volume_id/lib.a(sysv.o)
                0x0000000000037e54                volume_id_probe_sysv
 .text.volume_id_probe_ubifs
                0x0000000000037f60       0x74 util-linux/volume_id/lib.a(ubifs.o)
                0x0000000000037f60                volume_id_probe_ubifs
 .text.volume_id_probe_udf
                0x0000000000037fd4      0x2f4 util-linux/volume_id/lib.a(udf.o)
                0x0000000000037fd4                volume_id_probe_udf
 .text.volume_id_set_unicode16
                0x00000000000382c8       0xc8 util-linux/volume_id/lib.a(util.o)
                0x00000000000382c8                volume_id_set_unicode16
 .text.volume_id_set_label_string
                0x0000000000038390       0x50 util-linux/volume_id/lib.a(util.o)
                0x0000000000038390                volume_id_set_label_string
 .text.volume_id_set_label_unicode16
                0x00000000000383e0       0x24 util-linux/volume_id/lib.a(util.o)
                0x00000000000383e0                volume_id_set_label_unicode16
 .text.volume_id_set_uuid
                0x0000000000038404      0x17c util-linux/volume_id/lib.a(util.o)
                0x0000000000038404                volume_id_set_uuid
 .text.volume_id_free_buffer
                0x0000000000038580       0x3c util-linux/volume_id/lib.a(util.o)
                0x0000000000038580                volume_id_free_buffer
 .text.volume_id_get_buffer
                0x00000000000385bc      0x134 util-linux/volume_id/lib.a(util.o)
                0x00000000000385bc                volume_id_get_buffer
 .text.clear_main
                0x00000000000386f0       0x1c console-tools/lib.a(clear.o)
                0x00000000000386f0                clear_main
 .text.cat_main
                0x000000000003870c       0xb8 coreutils/lib.a(cat.o)
                0x000000000003870c                cat_main
 .text.cp_main  0x00000000000387c4      0x13c coreutils/lib.a(cp.o)
                0x00000000000387c4                cp_main
 .text.cmpfunc  0x0000000000038900       0x10 coreutils/lib.a(cut.o)
 .text.cut_main
                0x0000000000038910      0x4a0 coreutils/lib.a(cut.o)
                0x0000000000038910                cut_main
 .text.date_main
                0x0000000000038db0      0x390 coreutils/lib.a(date.o)
                0x0000000000038db0                date_main
 .text.parse_comma_flags
                0x0000000000039140       0x78 coreutils/lib.a(dd.o)
 .text.write_and_stats
                0x00000000000391b8      0x1c8 coreutils/lib.a(dd.o)
 .text.dd_output_status
                0x0000000000039380      0x27c coreutils/lib.a(dd.o)
 .text.dd_main  0x00000000000395fc      0x8e0 coreutils/lib.a(dd.o)
                0x00000000000395fc                dd_main
 .text.df_main  0x0000000000039edc      0x358 coreutils/lib.a(df.o)